 MPCController_sfun

 Timestamp is 574adfa9 (Sun May 29 20:25:13 2016)

 Preferred load address is 0000000180000000

 Start         Length     Name                   Class
 0001:00000000 00036074H .text                   CODE
 0001:00036080 00000092H .text$x                 CODE
 0002:00000000 00000490H .idata$5                DATA
 0002:00000490 00000008H .CRT$XCA                DATA
 0002:00000498 00000008H .CRT$XCZ                DATA
 0002:000004a0 00000008H .CRT$XIA                DATA
 0002:000004a8 00000008H .CRT$XIAA               DATA
 0002:000004b0 00000008H .CRT$XIZ                DATA
 0002:000004c0 00004b1cH .rdata                  DATA
 0002:00004fe0 00000008H .rtc$IAA                DATA
 0002:00004fe8 00000008H .rtc$IZZ                DATA
 0002:00004ff0 00000008H .rtc$TAA                DATA
 0002:00004ff8 00000008H .rtc$TZZ                DATA
 0002:00005000 0000418cH .xdata                  DATA
 0002:0000918c 0000008cH .idata$2                DATA
 0002:00009218 00000014H .idata$3                DATA
 0002:00009230 00000490H .idata$4                DATA
 0002:000096c0 00000aaaH .idata$6                DATA
 0002:0000a170 00000058H .edata                  DATA
 0003:00000000 00001b48H .data                   DATA
 0003:00001b60 00002418H .bss                    DATA
 0004:00000000 0000312cH .pdata                  DATA

  Address         Publics by Value              Rva+Base               Lib:Object

 0000:00000000       ___safe_se_handler_count   0000000000000000     <absolute>
 0000:00000000       ___safe_se_handler_table   0000000000000000     <absolute>
 0000:00000000       __ImageBase                0000000180000000     <linker-defined>
 0001:00000000       sf_c2_MPCController_get_eml_resolved_functions_info 0000000180001000 f   c2_MPCController.obj
 0001:000008b0       sf_c2_MPCController_get_check_sum 00000001800018b0 f   c2_MPCController.obj
 0001:00000930       sf_c2_MPCController_get_autoinheritance_info 0000000180001930 f   c2_MPCController.obj
 0001:00000fe0       sf_c2_MPCController_third_party_uses_info 0000000180001fe0 f   c2_MPCController.obj
 0001:00001010       sf_internal_get_sim_state_c2_MPCController 0000000180002010 f   c2_MPCController.obj
 0001:00001360       sf_internal_set_sim_state_c2_MPCController 0000000180002360 f   c2_MPCController.obj
 0001:00001760       c2_MPCController_method_dispatcher 0000000180002760 f   c2_MPCController.obj
 0001:00003f00       sf_process_check_sum_call  0000000180004f00 f   MPCController_sfun_registry.obj
 0001:00003f50       sf_process_autoinheritance_call 0000000180004f50 f   MPCController_sfun_registry.obj
 0001:000040f0       sf_process_get_third_party_uses_info_call 00000001800050f0 f   MPCController_sfun_registry.obj
 0001:00004290       sf_process_get_eml_resolved_functions_info_call 0000000180005290 f   MPCController_sfun_registry.obj
 0001:00004410       sf_mex_unlock_call         0000000180005410 f   MPCController_sfun_registry.obj
 0001:000044c0       sf_machine_global_initializer_called 00000001800054c0 f   MPCController_sfun_registry.obj
 0001:000044f0       sf_machine_global_method_dispatcher 00000001800054f0 f   MPCController_sfun_registry.obj
 0001:00004550       sf_machine_global_terminator 0000000180005550 f   MPCController_sfun_registry.obj
 0001:000045a0       sf_register_machine_exported_symbols 00000001800055a0 f   MPCController_sfun_registry.obj
 0001:000045c0       callCustomFcn              00000001800055c0 f   MPCController_sfun_registry.obj
 0001:000045d0       sf_machine_global_initializer 00000001800055d0 f   MPCController_sfun_registry.obj
 0001:00004650       _ssSetStateAbsTol          0000000180005650 f   MPCController_sfun_registry.obj
 0001:00004730       _ssGetAbsTol               0000000180005730 f   MPCController_sfun_registry.obj
 0001:000047a0       _ssSetInputPortMatrixDimensions 00000001800057a0 f   MPCController_sfun_registry.obj
 0001:000048b0       _ssSetOutputPortMatrixDimensions 00000001800058b0 f   MPCController_sfun_registry.obj
 0001:000049c0       _ssSetInputPortVectorDimension 00000001800059c0 f   MPCController_sfun_registry.obj
 0001:00004a90       _ssSetOutputPortVectorDimension 0000000180005a90 f   MPCController_sfun_registry.obj
 0001:00004b60       ssIsRunTimeParamTunable    0000000180005b60 f   MPCController_sfun_registry.obj
 0001:00004bd0       ssGetSFuncBlockHandle      0000000180005bd0 f   MPCController_sfun_registry.obj
 0001:00004c40       _ssGetCurrentInputPortWidth 0000000180005c40 f   MPCController_sfun_registry.obj
 0001:00004d60       _ssGetCurrentOutputPortWidth 0000000180005d60 f   MPCController_sfun_registry.obj
 0001:00004e80       _ssGetCallSystemNumFcnCallDestinations 0000000180005e80 f   MPCController_sfun_registry.obj
 0001:00004ef0       ssWarning                  0000000180005ef0 f   MPCController_sfun_registry.obj
 0001:00005000       ssGetIsZeroCrossControlDisabled 0000000180006000 f   MPCController_sfun_registry.obj
 0001:00005070       ssSetIsInputPortUsedForContZcSignal 0000000180006070 f   MPCController_sfun_registry.obj
 0001:000050e0       ssSetZcSignalIsZcElementDisc 00000001800060e0 f   MPCController_sfun_registry.obj
 0001:00005190       ssSetZcSignalName          0000000180006190 f   MPCController_sfun_registry.obj
 0001:00005200       ssSetZcSignalWidth         0000000180006200 f   MPCController_sfun_registry.obj
 0001:00005270       ssSetZcSignalZcEventType   0000000180006270 f   MPCController_sfun_registry.obj
 0001:000052e0       ssSetZcSignalType          00000001800062e0 f   MPCController_sfun_registry.obj
 0001:00005350       ssSetZcSignalZcTol         0000000180006350 f   MPCController_sfun_registry.obj
 0001:000053c0       ssSetZcSignalNeedsEventNotification 00000001800063c0 f   MPCController_sfun_registry.obj
 0001:00005430       ssCreateAndAddZcSignalInfo 0000000180006430 f   MPCController_sfun_registry.obj
 0001:000054a0       ssCloneAndAddZcSignalInfo  00000001800064a0 f   MPCController_sfun_registry.obj
 0001:00005510       ssGetNumZcSignals          0000000180006510 f   MPCController_sfun_registry.obj
 0001:00005580       ssGetZcSignalVector        0000000180006580 f   MPCController_sfun_registry.obj
 0001:000055f0       ssGetZcSignalZcEvents      00000001800065f0 f   MPCController_sfun_registry.obj
 0001:00005660       ssGetZcSignalName          0000000180006660 f   MPCController_sfun_registry.obj
 0001:000056d0       ssGetZcSignalWidth         00000001800066d0 f   MPCController_sfun_registry.obj
 0001:00005740       ssGetZcSignalZcEventType   0000000180006740 f   MPCController_sfun_registry.obj
 0001:000057b0       ssGetZcSignalType          00000001800067b0 f   MPCController_sfun_registry.obj
 0001:00005820       ssGetZcSignalZcTol         0000000180006820 f   MPCController_sfun_registry.obj
 0001:000058a0       ssGetZcSignalNeedsEventNotification 00000001800068a0 f   MPCController_sfun_registry.obj
 0001:00005910       ssGetZcSignalIsZcElementDisc 0000000180006910 f   MPCController_sfun_registry.obj
 0001:000059b0       ssGetIsInputPortElementContinuous 00000001800069b0 f   MPCController_sfun_registry.obj
 0001:00005a50       _ssGetInputPortSignalPtrsFcn 0000000180006a50 f   MPCController_sfun_registry.obj
 0001:00005d10       _ssGetInputPortSignalFcn   0000000180006d10 f   MPCController_sfun_registry.obj
 0001:00005f30       _ssSetInputPortDirectFeedThroughFcn 0000000180006f30 f   MPCController_sfun_registry.obj
 0001:00006090       _ssSetInputPortReusableFcn 0000000180007090 f   MPCController_sfun_registry.obj
 0001:00006180       _ssSetOutputPortReusableFcn 0000000180007180 f   MPCController_sfun_registry.obj
 0001:00006260       ssGetDTypeIdFromMxArray    0000000180007260 f   MPCController_sfun_registry.obj
 0001:00006380       ssWriteRTWStr              0000000180007380 f   MPCController_sfun_registry.obj
 0001:000063e0       ssWriteRTWMxVectParam      00000001800073e0 f   MPCController_sfun_registry.obj
 0001:00006440       ssWriteRTWMx2dMatParam     0000000180007440 f   MPCController_sfun_registry.obj
 0001:000064c0       ssWriteRTWNameValuePair    00000001800074c0 f   MPCController_sfun_registry.obj
 0001:000069b0       ssWriteRTWParameters       00000001800079b0 f   MPCController_sfun_registry.obj
 0001:00006fb0       ssWriteRTWParamSettings    0000000180007fb0 f   MPCController_sfun_registry.obj
 0001:00007680       ssWriteRTWWorkVect         0000000180008680 f   MPCController_sfun_registry.obj
 0001:00007b80       mexFunction                0000000180008b80 f   MPCController_sfun_registry.obj
 0001:000098b0       ProcessMexSfunctionEveryCall 000000018000a8b0 f   MPCController_sfun_registry.obj
 0001:00009a20       MPCController_initializer  000000018000aa20 f   MPCController_sfun.obj
 0001:00009a30       MPCController_terminator   000000018000aa30 f   MPCController_sfun.obj
 0001:00009a40       sf_MPCController_method_dispatcher 000000018000aa40 f   MPCController_sfun.obj
 0001:00009a90       sf_MPCController_process_check_sum_call 000000018000aa90 f   MPCController_sfun.obj
 0001:00009ea0       sf_MPCController_autoinheritance_info 000000018000aea0 f   MPCController_sfun.obj
 0001:0000a010       sf_MPCController_get_eml_resolved_functions_info 000000018000b010 f   MPCController_sfun.obj
 0001:0000a140       sf_MPCController_third_party_uses_info 000000018000b140 f   MPCController_sfun.obj
 0001:0000a290       MPCController_debug_initialize 000000018000b290 f   MPCController_sfun.obj
 0001:0000a310       MPCController_register_exported_symbols 000000018000b310 f   MPCController_sfun.obj
 0001:0000a320       load_MPCController_optimization_info 000000018000b320 f   MPCController_sfun.obj
 0001:0000a370       unload_MPCController_optimization_info 000000018000b370 f   MPCController_sfun.obj
 0001:0000a490       sf_mex_mx_is_numeric       000000018000b490 f   sfc_mex:sfc_mex.obj
 0001:0000a4d0       strcmp_ignore_ws           000000018000b4d0 f   sfc_mex:sfc_mex.obj
 0001:0000a610       sf_mex_duplicatearraysafe  000000018000b610 f   sfc_mex:sfc_mex.obj
 0001:0000a770       sf_set_error_debugger_context_message_fcn 000000018000b770 f   sfc_mex:sfc_mex.obj
 0001:0000a780       sf_set_debugger_matlab_error_fcn 000000018000b780 f   sfc_mex:sfc_mex.obj
 0001:0000a7c0       sf_set_error_prefix_string 000000018000b7c0 f   sfc_mex:sfc_mex.obj
 0001:0000a7f0       sf_get_error_prefix_string 000000018000b7f0 f   sfc_mex:sfc_mex.obj
 0001:0000a800       sf_mex_enter_parallel_region 000000018000b800 f   sfc_mex:sfc_mex.obj
 0001:0000a810       sf_mex_exit_parallel_region 000000018000b810 f   sfc_mex:sfc_mex.obj
 0001:0000a820       sf_get_current_jmp_buf_ptr 000000018000b820 f   sfc_mex:sfc_mex.obj
 0001:0000a830       sf_set_current_jmp_buf_ptr 000000018000b830 f   sfc_mex:sfc_mex.obj
 0001:0000a840       sf_mex_set_halt_simulation 000000018000b840 f   sfc_mex:sfc_mex.obj
 0001:0000a850       sf_mex_get_halt_simulation 000000018000b850 f   sfc_mex:sfc_mex.obj
 0001:0000a860       sf_mex_clear_error_message 000000018000b860 f   sfc_mex:sfc_mex.obj
 0001:0000a880       sf_mex_get_error_message_for_read 000000018000b880 f   sfc_mex:sfc_mex.obj
 0001:0000a890       sf_mex_get_error_message_buffer_length 000000018000b890 f   sfc_mex:sfc_mex.obj
 0001:0000a970       sf_mex_warning_message     000000018000b970 f   sfc_mex:sfc_mex.obj
 0001:0000a9e0       sf_mex_v_errbuf_createf    000000018000b9e0 f   sfc_mex:sfc_mex.obj
 0001:0000a9f0       sf_mex_errbuf_createf      000000018000b9f0 f   sfc_mex:sfc_mex.obj
 0001:0000aa20       sf_mex_v_errbuf_catf       000000018000ba20 f   sfc_mex:sfc_mex.obj
 0001:0000aa60       sf_mex_errbuf_catf         000000018000ba60 f   sfc_mex:sfc_mex.obj
 0001:0000aab0       sf_mex_errbuf_copy         000000018000bab0 f   sfc_mex:sfc_mex.obj
 0001:0000aac0       sf_mex_errbuf_clear        000000018000bac0 f   sfc_mex:sfc_mex.obj
 0001:0000aad0       sf_mex_errbuf_isempty      000000018000bad0 f   sfc_mex:sfc_mex.obj
 0001:0000abd0       sf_mex_set_error_status    000000018000bbd0 f   sfc_mex:sfc_mex.obj
 0001:0000ac20       sf_mex_error_direct_call   000000018000bc20 f   sfc_mex:sfc_mex.obj
 0001:0000ac40       sf_mex_error_message_no_long_jump 000000018000bc40 f   sfc_mex:sfc_mex.obj
 0001:0000ac60       sf_mex_long_jump_on_error  000000018000bc60 f   sfc_mex:sfc_mex.obj
 0001:0000ac90       sf_mex_call_matlab         000000018000bc90 f   sfc_mex:sfc_mex.obj
 0001:0000adb0       sf_mex_check_builtin       000000018000bdb0 f   sfc_mex:sfc_mex.obj
 0001:0000ae50       sf_mex_check_builtin_vs    000000018000be50 f   sfc_mex:sfc_mex.obj
 0001:0000af10       sf_mex_check_enum          000000018000bf10 f   sfc_mex:sfc_mex.obj
 0001:0000af90       sf_mex_create_enum         000000018000bf90 f   sfc_mex:sfc_mex.obj
 0001:0000b000       sf_mex_get_enum_element    000000018000c000 f   sfc_mex:sfc_mex.obj
 0001:0000b010       sf_mex_createcellarray     000000018000c010 f   sfc_mex:sfc_mex.obj
 0001:0000b020       sf_mex_setcell             000000018000c020 f   sfc_mex:sfc_mex.obj
 0001:0000b030       sf_mex_getcell             000000018000c030 f   sfc_mex:sfc_mex.obj
 0001:0000b040       sf_mex_dup                 000000018000c040 f   sfc_mex:sfc_mex.obj
 0001:0000b060       sf_mex_assign              000000018000c060 f   sfc_mex:sfc_mex.obj
 0001:0000b0e0       sf_mex_destroy             000000018000c0e0 f   sfc_mex:sfc_mex.obj
 0001:0000b110       mx_array_has_fi_type       000000018000c110 f   sfc_mex:sfc_mex.obj
 0001:0000b140       sf_mex_convert_from_fi     000000018000c140 f   sfc_mex:sfc_mex.obj
 0001:0000b270       sf_mex_convert_to_double   000000018000c270 f   sfc_mex:sfc_mex.obj
 0001:0000b390       sf_mex_import_fi_vs        000000018000c390 f   sfc_mex:sfc_mex.obj
 0001:0000b5c0       sf_matrix_matrix_index_ok  000000018000c5c0 f   sfc_mex:sfc_mex.obj
 0001:0000b650       sf_vector_vector_index_ok  000000018000c650 f   sfc_mex:sfc_mex.obj
 0001:0000b680       ssGetCurrentInputPortDimensions_wrapper 000000018000c680 f   sfc_mex:sfc_mex.obj
 0001:0000b6a0       ssGetCurrentOutputPortDimensions_wrapper 000000018000c6a0 f   sfc_mex:sfc_mex.obj
 0001:0000b6c0       sf_mex_emlrt_context_is_debug_mode 000000018000c6c0 f   sfc_mex:sfc_mex.obj
 0001:0000b6d0       sf_mex_emlrt_context_set_debug_mode 000000018000c6d0 f   sfc_mex:sfc_mex.obj
 0001:0000b6e0       sf_mex_emlrtNameCapturePostProcessR2012a 000000018000c6e0 f   sfc_mex:sfc_mex.obj
 0001:0000b750       sf_clear_error_manager_info 000000018000c750 f   sfc_mex:sfc_mex.obj
 0001:0000b7b0       sf_mex_stop_simulation_abruptly_wo_error 000000018000c7b0 f   sfc_mex:sfc_mex.obj
 0001:0000b7f0       sf_mex_error_message       000000018000c7f0 f   sfc_mex:sfc_mex.obj
 0001:0000b860       sf_react_to_error_in_matlab_call 000000018000c860 f   sfc_mex:sfc_mex.obj
 0001:0000b890       sf_mex_addfield            000000018000c890 f   sfc_mex:sfc_mex.obj
 0001:0000b930       sf_mex_getfield            000000018000c930 f   sfc_mex:sfc_mex.obj
 0001:0000bc30       sf_mex_check_class         000000018000cc30 f   sfc_mex:sfc_mex.obj
 0001:0000bcd0       sf_mex_is_real             000000018000ccd0 f   sfc_mex:sfc_mex.obj
 0001:0000c140       sf_mex_decode_encoded_mx_struct_array 000000018000d140 f   sfc_mex:sfc_mex.obj
 0001:0000c430       sf_mex_lw_bounds_check     000000018000d430 f   sfc_mex:sfc_mex.obj
 0001:0000c460       sf_mex_lw_size_eq_check_1d 000000018000d460 f   sfc_mex:sfc_mex.obj
 0001:0000c480       sf_mex_lw_size_eq_check_nd 000000018000d480 f   sfc_mex:sfc_mex.obj
 0001:0000c660       sf_mex_lw_dim_size_eq_check 000000018000d660 f   sfc_mex:sfc_mex.obj
 0001:0000c690       sf_mex_lw_dim_size_geq_check 000000018000d690 f   sfc_mex:sfc_mex.obj
 0001:0000c6c0       sf_mex_lw_sub_assign_size_check_nd 000000018000d6c0 f   sfc_mex:sfc_mex.obj
 0001:0000c890       sf_mex_lw_runtime_error_msgid 000000018000d890 f   sfc_mex:sfc_mex.obj
 0001:0000c980       sf_mex_lw_matrix_matrix_index_check 000000018000d980 f   sfc_mex:sfc_mex.obj
 0001:0000c9a0       sf_mex_lw_vector_vector_index_check 000000018000d9a0 f   sfc_mex:sfc_mex.obj
 0001:0000c9e0       sf_mex_lw_for_loop_vector_check 000000018000d9e0 f   sfc_mex:sfc_mex.obj
 0001:0000ca70       sf_mex_lw_non_negative_check 000000018000da70 f   sfc_mex:sfc_mex.obj
 0001:0000cab0       sf_mex_overflow_error      000000018000dab0 f   sfc_mex:sfc_mex.obj
 0001:0000cac0       sf_mex_dividebyzero_error  000000018000dac0 f   sfc_mex:sfc_mex.obj
 0001:0000cad0       sf_mex_unsafe_enum_error   000000018000dad0 f   sfc_mex:sfc_mex.obj
 0001:0000cae0       sf_emlrtErrHandler         000000018000dae0 f   sfc_mex:sfc_mex.obj
 0001:0000cbc0       sf_mex_size_one_check      000000018000dbc0 f   sfc_mex:sfc_mex.obj
 0001:0000cbe0       sf_mex_printf              000000018000dbe0 f   sfc_mex:sfc_mex.obj
 0001:0000cdb0       sf_mex_check_size          000000018000ddb0 f   sfc_mex:sfc_mex.obj
 0001:0000d050       sf_mex_check_struct        000000018000e050 f   sfc_mex:sfc_mex.obj
 0001:0000d2b0       sf_mex_check_struct_vs     000000018000e2b0 f   sfc_mex:sfc_mex.obj
 0001:0000d340       sf_mex_check_fi            000000018000e340 f   sfc_mex:sfc_mex.obj
 0001:0000d440       sf_mex_check_fi_vs         000000018000e440 f   sfc_mex:sfc_mex.obj
 0001:0000d4e0       sf_echo_expression         000000018000e4e0 f   sfc_mex:sfc_mex.obj
 0001:0000d540       sf_assertion_failed        000000018000e540 f   sfc_mex:sfc_mex.obj
 0001:0000d820       sf_mex_evalin              000000018000e820 f   sfc_mex:sfc_mex.obj
 0001:0000da90       sf_mex_export              000000018000ea90 f   sfc_mex:sfc_mex.obj
 0001:0000db50       sf_mex_get_ml_var_no_error 000000018000eb50 f   sfc_mex:sfc_mex.obj
 0001:0000dcf0       sf_mex_get_ml_var          000000018000ecf0 f   sfc_mex:sfc_mex.obj
 0001:0000e180       ml_set_element_value_in_array 000000018000f180 f   sfc_mex:sfc_mex.obj
 0001:0000f240       sf_mex_call_impl           0000000180010240 f   sfc_mex:sfc_mex.obj
 0001:0000f660       sf_mex_call_debug          0000000180010660 f   sfc_mex:sfc_mex.obj
 0001:0000f690       sf_mex_call                0000000180010690 f   sfc_mex:sfc_mex.obj
 0001:0000fce0       sf_mex_createstruct        0000000180010ce0 f   sfc_mex:sfc_mex.obj
 0001:0000fdf0       sf_mex_createstructarray   0000000180010df0 f   sfc_mex:sfc_mex.obj
 0001:0000fe70       sf_mex_get_mx_datatype_from_sf_datatype 0000000180010e70 f   sfc_mex:sfc_mex.obj
 0001:00010180       sf_mex_ml_var_sub          0000000180011180 f   sfc_mex:sfc_mex.obj
 0001:00010360       sf_mex_ml_var_subsasgn     0000000180011360 f   sfc_mex:sfc_mex.obj
 0001:00010760       sf_mex_sub                 0000000180011760 f   sfc_mex:sfc_mex.obj
 0001:00010970       sf_mex_subsasgn            0000000180011970 f   sfc_mex:sfc_mex.obj
 0001:00010e80       sf_mex_create              0000000180011e80 f   sfc_mex:sfc_mex.obj
 0001:00011820       sf_mex_import_named        0000000180012820 f   sfc_mex:sfc_mex.obj
 0001:00011880       sf_mex_import              0000000180012880 f   sfc_mex:sfc_mex.obj
 0001:000118d0       sf_mex_import_vs           00000001800128d0 f   sfc_mex:sfc_mex.obj
 0001:000119e0       sf_mex_lower_fixpt_mx_array 00000001800129e0 f   sfc_mex:sfc_mex.obj
 0001:00011ce0       sf_send_message_wrapper    0000000180012ce0 f   sfc_mex:sfc_sf.obj
 0001:00011d10       sf_receive_message_wrapper 0000000180012d10 f   sfc_mex:sfc_sf.obj
 0001:00011d50       sf_check_out_message_wrapper 0000000180012d50 f   sfc_mex:sfc_sf.obj
 0001:00011d90       sf_check_in_message_wrapper 0000000180012d90 f   sfc_mex:sfc_sf.obj
 0001:00011dd0       sf_no_message_wrapper      0000000180012dd0 f   sfc_mex:sfc_sf.obj
 0001:00012160       sim_mode_is_rtw_gen        0000000180013160 f   sfc_mex:sfc_sf.obj
 0001:00012190       sim_mode_is_external       0000000180013190 f   sfc_mex:sfc_sf.obj
 0001:000121a0       sim_mode_is_modelref_sim   00000001800131a0 f   sfc_mex:sfc_sf.obj
 0001:000121c0       mdlInitializeSizes         00000001800131c0 f   sfc_mex:sfc_sf.obj
 0001:000121e0       mdlInitializeSampleTimes   00000001800131e0 f   sfc_mex:sfc_sf.obj
 0001:00012220       mdlZeroCrossings           0000000180013220 f   sfc_mex:sfc_sf.obj
 0001:00012310       mdlDerivatives             0000000180013310 f   sfc_mex:sfc_sf.obj
 0001:000123d0       mdl_initialize_conditions_processing 00000001800133d0 f   sfc_mex:sfc_sf.obj
 0001:00012400       mdlInitializeConditions    0000000180013400 f   sfc_mex:sfc_sf.obj
 0001:000124c0       mdlGetSimState             00000001800134c0 f   sfc_mex:sfc_sf.obj
 0001:000124d0       mdlSetSimState             00000001800134d0 f   sfc_mex:sfc_sf.obj
 0001:000124e0       mdl_ext_mode_exec_processing 00000001800134e0 f   sfc_mex:sfc_sf.obj
 0001:00012500       mdlExtModeExec             0000000180013500 f   sfc_mex:sfc_sf.obj
 0001:000126a0       mdlTerminate               00000001800136a0 f   sfc_mex:sfc_sf.obj
 0001:00012710       mdlRTW                     0000000180013710 f   sfc_mex:sfc_sf.obj
 0001:00012740       mdlSetWorkWidths           0000000180013740 f   sfc_mex:sfc_sf.obj
 0001:00012750       mdlProcessParameters       0000000180013750 f   sfc_mex:sfc_sf.obj
 0001:00012760       mdl_start_processing       0000000180013760 f   sfc_mex:sfc_sf.obj
 0001:000127c0       mdlStart                   00000001800137c0 f   sfc_mex:sfc_sf.obj
 0001:000128d0       mdlEnable                  00000001800138d0 f   sfc_mex:sfc_sf.obj
 0001:000129b0       mdlDisable                 00000001800139b0 f   sfc_mex:sfc_sf.obj
 0001:00012a70       sf_get_chart_instance_ptr  0000000180013a70 f   sfc_mex:sfc_sf.obj
 0001:00012a90       sf_load_rtw_optimization_info 0000000180013a90 f   sfc_mex:sfc_sf.obj
 0001:00012b60       sf_update_buildInfo        0000000180013b60 f   sfc_mex:sfc_sf.obj
 0001:00012c60       sf_rtw_info_uint_prop      0000000180013c60 f   sfc_mex:sfc_sf.obj
 0001:00012da0       sf_is_chart_inlinable      0000000180013da0 f   sfc_mex:sfc_sf.obj
 0001:00012dc0       sf_mark_output_events_with_multiple_callers 0000000180013dc0 f   sfc_mex:sfc_sf.obj
 0001:00012f50       sf_mark_chart_reusable_outputs 0000000180013f50 f   sfc_mex:sfc_sf.obj
 0001:000131b0       sf_mark_chart_expressionable_inputs 00000001800141b0 f   sfc_mex:sfc_sf.obj
 0001:00013410       sf_get_subchart_simstruct  0000000180014410 f   sfc_mex:sfc_sf.obj
 0001:00013460       sf_get_fixpt_data_type_id  0000000180014460 f   sfc_mex:sfc_sf.obj
 0001:000134a0       sf_get_enum_data_type_id   00000001800144a0 f   sfc_mex:sfc_sf.obj
 0001:000134e0       sf_get_param_data_type_id  00000001800144e0 f   sfc_mex:sfc_sf.obj
 0001:00013510       sf_mex_listen_for_ctrl_c_force 0000000180014510 f   sfc_mex:sfc_sf.obj
 0001:00013620       sf_mex_draw_now            0000000180014620 f   sfc_mex:sfc_sf.obj
 0001:00013660       sf_mex_set_debugger_sim_status_listener_fcn 0000000180014660 f   sfc_mex:sfc_sf.obj
 0001:00013670       sf_mex_listen_for_ctrl_c   0000000180014670 f   sfc_mex:sfc_sf.obj
 0001:00013710       sf_mex_get_sfun_param      0000000180014710 f   sfc_mex:sfc_sf.obj
 0001:00013760       sf_get_runtime_param_data  0000000180014760 f   sfc_mex:sfc_sf.obj
 0001:000137a0       sf_call_output_fcn_call    00000001800147a0 f   sfc_mex:sfc_sf.obj
 0001:000138e0       sf_call_output_fcn_enable  00000001800148e0 f   sfc_mex:sfc_sf.obj
 0001:00013970       sf_call_output_fcn_disable 0000000180014970 f   sfc_mex:sfc_sf.obj
 0001:00013a00       sf_clear_rtw_identifier    0000000180014a00 f   sfc_mex:sfc_sf.obj
 0001:00014220       sf_set_encoded_dwork_info  0000000180015220 f   sfc_mex:sfc_sf.obj
 0001:00014270       sf_get_dwork_info_from_mat_file 0000000180015270 f   sfc_mex:sfc_sf.obj
 0001:00014430       sf_set_rtw_dwork_info      0000000180015430 f   sfc_mex:sfc_sf.obj
 0001:000145a0       mdlOutputs                 00000001800155a0 f   sfc_mex:sfc_sf.obj
 0001:000146c0       sf_debug_chart_instance_initialized_quick 00000001800156c0 f   sfc_debug:sfcdebug.obj
 0001:00014740       sf_debug_disp              0000000180015740 f   sfc_debug:sfcdebug.obj
 0001:00014a10       sf_debug_data_runtime_size_mismatch_error_check 0000000180015a10 f   sfc_debug:sfcdebug.obj
 0001:00014ac0       sf_debug_try_loading_machine 0000000180015ac0 f   sfc_debug:sfcdebug.obj
 0001:00014bc0       sf_debug_reset_current_state_configuration 0000000180015bc0 f   sfc_debug:sfcdebug.obj
 0001:00014c40       sf_debug_store_current_state_configuration 0000000180015c40 f   sfc_debug:sfcdebug.obj
 0001:00014cc0       sf_debug_restore_previous_state_configuration 0000000180015cc0 f   sfc_debug:sfcdebug.obj
 0001:00014d40       sf_debug_restore_previous_state_configuration2 0000000180015d40 f   sfc_debug:sfcdebug.obj
 0001:00014dc0       sf_debug_get_event_scope   0000000180015dc0 f   sfc_debug:sfcdebug.obj
 0001:00014f30       use_debugger_step_animation 0000000180015f30 f   sfc_debug:sfcdebug.obj
 0001:00014f50       sf_debug_get_script_id     0000000180015f50 f   sfc_debug:sfcdebug.obj
 0001:00014fe0       sf_debug_set_script_translation 0000000180015fe0 f   sfc_debug:sfcdebug.obj
 0001:00015160       sf_debug_extract_message_post_receive_info 0000000180016160 f   sfc_debug:sfcdebug.obj
 0001:00015320       sf_debug_get_current_machine_id 0000000180016320 f   sfc_debug:sfcdebug.obj
 0001:00015340       sf_debug_get_current_optional_integer 0000000180016340 f   sfc_debug:sfcdebug.obj
 0001:00015350       sf_debug_get_current_machine_number 0000000180016350 f   sfc_debug:sfcdebug.obj
 0001:00015370       sf_debug_get_current_machine_name 0000000180016370 f   sfc_debug:sfcdebug.obj
 0001:00015390       sf_debug_get_current_chart_id 0000000180016390 f   sfc_debug:sfcdebug.obj
 0001:000153d0       sf_debug_get_current_chart_number 00000001800163d0 f   sfc_debug:sfcdebug.obj
 0001:000153e0       sf_debug_get_current_instance_number 00000001800163e0 f   sfc_debug:sfcdebug.obj
 0001:000153f0       sf_debug_get_current_is_minor_time_step 00000001800163f0 f   sfc_debug:sfcdebug.obj
 0001:00015470       sf_debug_get_current_object_type 0000000180016470 f   sfc_debug:sfcdebug.obj
 0001:00015480       sf_debug_get_current_instance_handle 0000000180016480 f   sfc_debug:sfcdebug.obj
 0001:000154e0       sf_debug_get_current_event_type 00000001800164e0 f   sfc_debug:sfcdebug.obj
 0001:000154f0       sf_debug_get_current_object_id 00000001800164f0 f   sfc_debug:sfcdebug.obj
 0001:00015530       sf_debug_get_current_active_event_type 0000000180016530 f   sfc_debug:sfcdebug.obj
 0001:00015540       sf_debug_get_current_active_event_id 0000000180016540 f   sfc_debug:sfcdebug.obj
 0001:00015580       sf_debug_get_current_tag_type 0000000180016580 f   sfc_debug:sfcdebug.obj
 0001:00015590       sf_debug_get_current_simulation_time 0000000180016590 f   sfc_debug:sfcdebug.obj
 0001:000155a0       sf_debug_get_current_coverage_percentage 00000001800165a0 f   sfc_debug:sfcdebug.obj
 0001:000155b0       sf_debug_current_statement_context 00000001800165b0 f   sfc_debug:sfcdebug.obj
 0001:00015630       sf_debug_get_current_statement_info 0000000180016630 f   sfc_debug:sfcdebug.obj
 0001:000157d0       sf_debug_terminate_instance 00000001800167d0 f   sfc_debug:sfcdebug.obj
 0001:00015af0       sf_debug_assertion_failed  0000000180016af0 f   sfc_debug:sfcdebug.obj
 0001:00015cc0       sf_debug_create_debug_instance_struct 0000000180016cc0 f   sfc_debug:sfcdebug.obj
 0001:00015d10       sf_debug_set_number_of_data_with_change_event_for_machine 0000000180016d10 f   sfc_debug:sfcdebug.obj
 0001:00015d60       sf_debug_set_machine_event_thresholds 0000000180016d60 f   sfc_debug:sfcdebug.obj
 0001:00015d80       sf_debug_set_machine_event_scope 0000000180016d80 f   sfc_debug:sfcdebug.obj
 0001:00015dd0       sf_debug_set_machine_data_thresholds 0000000180016dd0 f   sfc_debug:sfcdebug.obj
 0001:00015e20       sf_debug_set_machine_data_scope 0000000180016e20 f   sfc_debug:sfcdebug.obj
 0001:00015ec0       sf_debug_set_machine_data_name 0000000180016ec0 f   sfc_debug:sfcdebug.obj
 0001:00015f70       sf_debug_set_machine_data_size 0000000180016f70 f   sfc_debug:sfcdebug.obj
 0001:000160c0       sf_debug_set_machine_data_type 00000001800170c0 f   sfc_debug:sfcdebug.obj
 0001:00016230       sf_debug_get_chart_data_number 0000000180017230 f   sfc_debug:sfcdebug.obj
 0001:00016250       sf_debug_get_chart_event_number 0000000180017250 f   sfc_debug:sfcdebug.obj
 0001:00016270       sf_debug_set_chart_state_info 0000000180017270 f   sfc_debug:sfcdebug.obj
 0001:00016300       sf_debug_set_chart_decomposition 0000000180017300 f   sfc_debug:sfcdebug.obj
 0001:00016370       sf_debug_set_chart_substate_count 0000000180017370 f   sfc_debug:sfcdebug.obj
 0001:00016450       sf_debug_set_chart_substate_index 0000000180017450 f   sfc_debug:sfcdebug.obj
 0001:000164d0       sf_debug_set_chart_state_substate_count 00000001800174d0 f   sfc_debug:sfcdebug.obj
 0001:000165f0       sf_debug_set_chart_state_substate_index 00000001800175f0 f   sfc_debug:sfcdebug.obj
 0001:00016680       sf_debug_set_number_of_data_with_change_event_for_chart 0000000180017680 f   sfc_debug:sfcdebug.obj
 0001:00016710       sf_debug_set_number_of_states_with_entry_event_for_chart 0000000180017710 f   sfc_debug:sfcdebug.obj
 0001:00016790       sf_debug_set_number_of_states_with_exit_event_for_chart 0000000180017790 f   sfc_debug:sfcdebug.obj
 0001:00016810       sf_debug_set_chart_disable_implicit_casting 0000000180017810 f   sfc_debug:sfcdebug.obj
 0001:00016880       sf_debug_set_chart_event_thresholds 0000000180017880 f   sfc_debug:sfcdebug.obj
 0001:00016900       sf_debug_set_chart_data_compiled_props 0000000180017900 f   sfc_debug:sfcdebug.obj
 0001:00016c40       sf_debug_set_chart_data_props 0000000180017c40 f   sfc_debug:sfcdebug.obj
 0001:00016f60       sf_debug_check_fi_license  0000000180017f60 f   sfc_debug:sfcdebug.obj
 0001:00017120       sf_debug_symbol_scope_push 0000000180018120 f   sfc_debug:sfcdebug.obj
 0001:00017160       sf_debug_symbol_scope_push_eml 0000000180018160 f   sfc_debug:sfcdebug.obj
 0001:000171b0       sf_debug_symbol_scope_pop  00000001800181b0 f   sfc_debug:sfcdebug.obj
 0001:000171f0       sf_debug_symbol_scope_add_importable 00000001800181f0 f   sfc_debug:sfcdebug.obj
 0001:00017270       sf_debug_symbol_scope_add  0000000180018270 f   sfc_debug:sfcdebug.obj
 0001:000172f0       sf_debug_symbol_scope_add_dyn_importable 00000001800182f0 f   sfc_debug:sfcdebug.obj
 0001:000173b0       sf_debug_symbol_scope_add_dyn 00000001800183b0 f   sfc_debug:sfcdebug.obj
 0001:000173f0       sf_debug_symbol_scope_add_eml_importable 00000001800183f0 f   sfc_debug:sfcdebug.obj
 0001:00017430       sf_debug_symbol_scope_add_eml 0000000180018430 f   sfc_debug:sfcdebug.obj
 0001:00017470       sf_debug_symbol_scope_add_eml_dyn_importable 0000000180018470 f   sfc_debug:sfcdebug.obj
 0001:000174d0       sf_debug_symbol_scope_add_eml_dyn 00000001800184d0 f   sfc_debug:sfcdebug.obj
 0001:00017530       sf_debug_symbol_switch     0000000180018530 f   sfc_debug:sfcdebug.obj
 0001:00017550       sf_debug_symbol_scope_add_verbose 0000000180018550 f   sfc_debug:sfcdebug.obj
 0001:00017620       sf_debug_set_machine_data_value_ptr 0000000180018620 f   sfc_debug:sfcdebug.obj
 0001:00017660       sf_debug_set_instance_data_value_ptr 0000000180018660 f   sfc_debug:sfcdebug.obj
 0001:00017730       sf_debug_unset_instance_data_value_ptr 0000000180018730 f   sfc_debug:sfcdebug.obj
 0001:000177e0       sf_debug_set_chart_event_scope 00000001800187e0 f   sfc_debug:sfcdebug.obj
 0001:00017860       sf_debug_set_chart_transition_coverage_maps 0000000180018860 f   sfc_debug:sfcdebug.obj
 0001:00017960       sf_debug_set_chart_state_coverage_maps 0000000180018960 f   sfc_debug:sfcdebug.obj
 0001:00017a30       sf_debug_set_instance_transition_coverage_weights 0000000180018a30 f   sfc_debug:sfcdebug.obj
 0001:00017ac0       sf_debug_set_instance_state_coverage_weights 0000000180018ac0 f   sfc_debug:sfcdebug.obj
 0001:00017d10       sf_debug_unload_machine    0000000180018d10 f   sfc_debug:sfcdebug.obj
 0001:00017d60       sf_debug_load_machine      0000000180018d60 f   sfc_debug:sfcdebug.obj
 0001:00017e70       sf_debug_set_active_instance_in_data_dictionary 0000000180018e70 f   sfc_debug:sfcdebug.obj
 0001:00018050       sf_debug_set_active_instance 0000000180019050 f   sfc_debug:sfcdebug.obj
 0001:000181b0       sf_debug_chart_visiblity_change 00000001800191b0 f   sfc_debug:sfcdebug.obj
 0001:000182a0       sf_debug_select_chart      00000001800192a0 f   sfc_debug:sfcdebug.obj
 0001:00018400       sf_debug_set_instance_cv_ids 0000000180019400 f   sfc_debug:sfcdebug.obj
 0001:00018730       sf_debug_select_charts     0000000180019730 f   sfc_debug:sfcdebug.obj
 0001:000188e0       sf_debug_initialized       00000001800198e0 f   sfc_debug:sfcdebug.obj
 0001:00018900       sf_debug_is_uninterruptible 0000000180019900 f   sfc_debug:sfcdebug.obj
 0001:00018930       sf_debug_initialize_debugger_gui 0000000180019930 f   sfc_debug:sfcdebug.obj
 0001:00018d10       sf_debug_resume            0000000180019d10 f   sfc_debug:sfcdebug.obj
 0001:00018d30       sf_debug_go                0000000180019d30 f   sfc_debug:sfcdebug.obj
 0001:00018d40       sf_debug_break             0000000180019d40 f   sfc_debug:sfcdebug.obj
 0001:00018d50       sf_debug_step_over         0000000180019d50 f   sfc_debug:sfcdebug.obj
 0001:00018d60       sf_debug_step_out          0000000180019d60 f   sfc_debug:sfcdebug.obj
 0001:00018d70       sf_debug_set_disable_all_breakpoints 0000000180019d70 f   sfc_debug:sfcdebug.obj
 0001:00018d80       sf_debug_disable_all_breakpoints_and_go 0000000180019d80 f   sfc_debug:sfcdebug.obj
 0001:00018d90       sf_debug_break_on_chart_entry 0000000180019d90 f   sfc_debug:sfcdebug.obj
 0001:00018da0       sf_debug_break_on_event_broadcast 0000000180019da0 f   sfc_debug:sfcdebug.obj
 0001:00018db0       sf_debug_break_on_state_entry 0000000180019db0 f   sfc_debug:sfcdebug.obj
 0001:00018dc0       sf_debug_break_between_times 0000000180019dc0 f   sfc_debug:sfcdebug.obj
 0001:00018de0       sf_debug_browse_data       0000000180019de0 f   sfc_debug:sfcdebug.obj
 0001:00018df0       sf_debug_watch_data        0000000180019df0 f   sfc_debug:sfcdebug.obj
 0001:00018e20       sf_debug_assign_data       0000000180019e20 f   sfc_debug:sfcdebug.obj
 0001:00018e30       sf_debug_whos              0000000180019e30 f   sfc_debug:sfcdebug.obj
 0001:00018e50       sf_debug_get_consistency_info 0000000180019e50 f   sfc_debug:sfcdebug.obj
 0001:00018e60       sf_debug_browse_trace      0000000180019e60 f   sfc_debug:sfcdebug.obj
 0001:00018e70       sf_debug_set_breakpoints   0000000180019e70 f   sfc_debug:sfcdebug.obj
 0001:00018fe0       sf_debug_set_eml_breakpoints 0000000180019fe0 f   sfc_debug:sfcdebug.obj
 0001:00019140       sf_debug_set_script_breakpoints 000000018001a140 f   sfc_debug:sfcdebug.obj
 0001:000191c0       sf_debug_add_script_breakpoints 000000018001a1c0 f   sfc_debug:sfcdebug.obj
 0001:00019230       sf_debug_clear_script_breakpoints 000000018001a230 f   sfc_debug:sfcdebug.obj
 0001:000192a0       sf_debug_query_script_breakpoints 000000018001a2a0 f   sfc_debug:sfcdebug.obj
 0001:00019350       sf_debug_get_eml_script_id 000000018001a350 f   sfc_debug:sfcdebug.obj
 0001:000193a0       sf_debug_set_watch         000000018001a3a0 f   sfc_debug:sfcdebug.obj
 0001:000195c0       sf_debug_get_instance_handle 000000018001a5c0 f   sfc_debug:sfcdebug.obj
 0001:00019650       sf_debug_get_active_states 000000018001a650 f   sfc_debug:sfcdebug.obj
 0001:00019660       sf_debug_set_honor_breakpoints 000000018001a660 f   sfc_debug:sfcdebug.obj
 0001:00019670       sf_debug_get_animation     000000018001a670 f   sfc_debug:sfcdebug.obj
 0001:00019680       sf_debug_set_animation     000000018001a680 f   sfc_debug:sfcdebug.obj
 0001:00019690       sf_debug_animate           000000018001a690 f   sfc_debug:sfcdebug.obj
 0001:000196b0       sf_debug_cycle_detection_check 000000018001a6b0 f   sfc_debug:sfcdebug.obj
 0001:000196c0       sf_debug_data_range_check  000000018001a6c0 f   sfc_debug:sfcdebug.obj
 0001:000196d0       sf_debug_transition_conflict_check 000000018001a6d0 f   sfc_debug:sfcdebug.obj
 0001:000196e0       sf_debug_state_consistency_check 000000018001a6e0 f   sfc_debug:sfcdebug.obj
 0001:000196f0       sf_debug_data_range_check_enabled 000000018001a6f0 f   sfc_debug:sfcdebug.obj
 0001:00019710       sf_debug_transition_conflict_check_enabled 000000018001a710 f   sfc_debug:sfcdebug.obj
 0001:00019730       sf_debug_transition_conflict_check_begin 000000018001a730 f   sfc_debug:sfcdebug.obj
 0001:00019750       sf_debug_transition_conflict_check_end 000000018001a750 f   sfc_debug:sfcdebug.obj
 0001:00019770       sf_debug_stop_debugging    000000018001a770 f   sfc_debug:sfcdebug.obj
 0001:000197a0       sf_debug_is_cycle_detected 000000018001a7a0 f   sfc_debug:sfcdebug.obj
 0001:000197b0       sf_debug_is_array_bounds_detected 000000018001a7b0 f   sfc_debug:sfcdebug.obj
 0001:000197c0       sf_debug_get_state_vectors_data_size 000000018001a7c0 f   sfc_debug:sfcdebug.obj
 0001:00019800       sf_debug_get_state_vectors_data 000000018001a800 f   sfc_debug:sfcdebug.obj
 0001:00019910       sf_debug_set_state_vectors_data 000000018001a910 f   sfc_debug:sfcdebug.obj
 0001:00019ba0       sf_debug_get_script_index  000000018001aba0 f   sfc_debug:sfcdebug.obj
 0001:00019d30       sf_debug_add_script        000000018001ad30 f   sfc_debug:sfcdebug.obj
 0001:00019ec0       cv_eval_point              000000018001aec0 f   sfc_debug:sfcdebug.obj
 0001:0001a030       cv_eval_testobjective      000000018001b030 f   sfc_debug:sfcdebug.obj
 0001:0001a140       sf_debug_cv_init_state     000000018001b140 f   sfc_debug:sfcdebug.obj
 0001:0001a270       sf_debug_cv_init_chart     000000018001b270 f   sfc_debug:sfcdebug.obj
 0001:0001a360       sf_debug_cv_init_trans     000000018001b360 f   sfc_debug:sfcdebug.obj
 0001:0001a470       sf_debug_cv_init_saturation 000000018001b470 f   sfc_debug:sfcdebug.obj
 0001:0001a570       sf_debug_cv_init_testobjectives 000000018001b570 f   sfc_debug:sfcdebug.obj
 0001:0001a750       cv_eml_init_script         000000018001b750 f   sfc_debug:sfcdebug.obj
 0001:0001a870       cv_eml_init_fcn            000000018001b870 f   sfc_debug:sfcdebug.obj
 0001:0001a980       cv_eml_init_testobjective  000000018001b980 f   sfc_debug:sfcdebug.obj
 0001:0001aa60       cv_eml_init_saturation     000000018001ba60 f   sfc_debug:sfcdebug.obj
 0001:0001ab30       cv_eml_init_if             000000018001bb30 f   sfc_debug:sfcdebug.obj
 0001:0001ac10       cv_eml_init_for            000000018001bc10 f   sfc_debug:sfcdebug.obj
 0001:0001ace0       cv_eml_init_while          000000018001bce0 f   sfc_debug:sfcdebug.obj
 0001:0001adb0       cv_eml_init_mcdc           000000018001bdb0 f   sfc_debug:sfcdebug.obj
 0001:0001aed0       cv_eml_init_switch         000000018001bed0 f   sfc_debug:sfcdebug.obj
 0001:0001afd0       cv_eml_eval                000000018001bfd0 f   sfc_debug:sfcdebug.obj
 0001:0001b0c0       sf_debug_bm_is_a_eml_breakpoint 000000018001c0c0 f   sfc_debug:sfcdebug.obj
 0001:0001b210       sf_debug_temporal_threshold 000000018001c210 f   sfc_debug:sfcdebug.obj
 0001:0001b580       sf_debug_transition_conflict_error 000000018001c580 f   sfc_debug:sfcdebug.obj
 0001:0001b8e0       sf_debug_state_inconsistency_error 000000018001c8e0 f   sfc_debug:sfcdebug.obj
 0001:0001ba00       sf_debug_check_for_state_inconsistency 000000018001ca00 f   sfc_debug:sfcdebug.obj
 0001:0001ba40       sf_debug_cycle_detecton_error 000000018001ca40 f   sfc_debug:sfcdebug.obj
 0001:0001c190       sf_debug_size_eq_check_1d  000000018001d190 f   sfc_debug:sfcdebug.obj
 0001:0001c1b0       sf_debug_size_eq_check_nd  000000018001d1b0 f   sfc_debug:sfcdebug.obj
 0001:0001c3b0       sf_debug_dim_size_eq_check 000000018001d3b0 f   sfc_debug:sfcdebug.obj
 0001:0001c3e0       sf_debug_dim_size_geq_check 000000018001d3e0 f   sfc_debug:sfcdebug.obj
 0001:0001c410       sf_debug_sub_assign_size_check_nd 000000018001d410 f   sfc_debug:sfcdebug.obj
 0001:0001c5f0       sf_debug_matrix_matrix_index_check 000000018001d5f0 f   sfc_debug:sfcdebug.obj
 0001:0001c640       sf_debug_vector_vector_index_check 000000018001d640 f   sfc_debug:sfcdebug.obj
 0001:0001c690       sf_debug_for_loop_vector_check 000000018001d690 f   sfc_debug:sfcdebug.obj
 0001:0001c730       sf_debug_runtime_error_msgid 000000018001d730 f   sfc_debug:sfcdebug.obj
 0001:0001c7d0       sf_debug_data_array_bounds_error_check 000000018001d7d0 f   sfc_debug:sfcdebug.obj
 0001:0001c8e0       sf_debug_eml_data_array_bounds_error_check 000000018001d8e0 f   sfc_debug:sfcdebug.obj
 0001:0001cda0       sf_debug_integer_check     000000018001dda0 f   sfc_debug:sfcdebug.obj
 0001:0001ce90       sf_debug_not_nan_check     000000018001de90 f   sfc_debug:sfcdebug.obj
 0001:0001cf60       sf_debug_non_negative_check 000000018001df60 f   sfc_debug:sfcdebug.obj
 0001:0001d030       sf_debug_overflow_detection 000000018001e030 f   sfc_debug:sfcdebug.obj
 0001:0001d690       sf_debug_cast_to_real32_T  000000018001e690 f   sfc_debug:sfcdebug.obj
 0001:0001d760       sf_debug_cast_to_int8_T    000000018001e760 f   sfc_debug:sfcdebug.obj
 0001:0001d830       sf_debug_cast_to_uint8_T   000000018001e830 f   sfc_debug:sfcdebug.obj
 0001:0001d900       sf_debug_cast_to_int16_T   000000018001e900 f   sfc_debug:sfcdebug.obj
 0001:0001d9d0       sf_debug_cast_to_uint16_T  000000018001e9d0 f   sfc_debug:sfcdebug.obj
 0001:0001daa0       sf_debug_cast_to_int32_T   000000018001eaa0 f   sfc_debug:sfcdebug.obj
 0001:0001db70       sf_debug_cast_to_uint32_T  000000018001eb70 f   sfc_debug:sfcdebug.obj
 0001:0001dc40       sf_debug_data_range_error  000000018001ec40 f   sfc_debug:sfcdebug.obj
 0001:0001df50       sf_debug_read_before_write_check 000000018001ef50 f   sfc_debug:sfcdebug.obj
 0001:0001e380       sf_debug_data_range_error_wrapper_min_max 000000018001f380 f   sfc_debug:sfcdebug.obj
 0001:0001e4a0       sf_debug_data_range_error_wrapper_min 000000018001f4a0 f   sfc_debug:sfcdebug.obj
 0001:0001e5b0       sf_debug_data_range_error_wrapper_max 000000018001f5b0 f   sfc_debug:sfcdebug.obj
 0001:0001e6c0       sf_debug_data_range_wrapper 000000018001f6c0 f   sfc_debug:sfcdebug.obj
 0001:0001e780       sf_debug_set_current_status_info 000000018001f780 f   sfc_debug:sfcdebug.obj
 0001:0001eb20       sf_debug_register_message_post_receive_info 000000018001fb20 f   sfc_debug:sfcdebug.obj
 0001:0001ed70       sf_debug_call              000000018001fd70 f   sfc_debug:sfcdebug.obj
 0001:0001f6d0       sf_debug_initialize_machine 00000001800206d0 f   sfc_debug:sfcdebug.obj
 0001:0001f980       sf_debug_initialize_chart  0000000180020980 f   sfc_debug:sfcdebug.obj
 0001:0001fdd0       sf_debug_ensure_script     0000000180020dd0 f   sfc_debug:sfcdebug.obj
 0001:0001fe80       cv_eval_saturation         0000000180020e80 f   sfc_debug:sfcdebug.obj
 0001:00020000       cv_saturation_accum        0000000180021000 f   sfc_debug:sfcdebug.obj
 0001:00020140       cv_script_init_script      0000000180021140 f   sfc_debug:sfcdebug.obj
 0001:00020230       cv_script_init_fcn         0000000180021230 f   sfc_debug:sfcdebug.obj
 0001:000202f0       cv_script_init_testobjective 00000001800212f0 f   sfc_debug:sfcdebug.obj
 0001:000203b0       cv_script_init_saturation  00000001800213b0 f   sfc_debug:sfcdebug.obj
 0001:00020460       cv_script_init_if          0000000180021460 f   sfc_debug:sfcdebug.obj
 0001:00020520       cv_script_init_for         0000000180021520 f   sfc_debug:sfcdebug.obj
 0001:000205d0       cv_script_init_while       00000001800215d0 f   sfc_debug:sfcdebug.obj
 0001:00020680       cv_script_init_mcdc        0000000180021680 f   sfc_debug:sfcdebug.obj
 0001:00020780       cv_script_init_switch      0000000180021780 f   sfc_debug:sfcdebug.obj
 0001:00020860       cv_script_eval             0000000180021860 f   sfc_debug:sfcdebug.obj
 0001:00020930       eml_debug_line_call        0000000180021930 f   sfc_debug:sfcdebug.obj
 0001:00020b00       sf_debug_terminate         0000000180021b00 f   sfc_debug:sfcdebug.obj
 0001:00020d10       sf_debug_set_script_cv_ids 0000000180021d10 f   sfc_debug:sfcdebug.obj
 0001:00020e40       sf_debug_api               0000000180021e40 f   sfc_debug:sfc_api.obj
 0001:00022730       sf_debug_sm_terminate      0000000180023730 f   sfc_debug:sfdb_animation.obj
 0001:000228e0       sf_debug_reset_path_objects 00000001800238e0 f   sfc_debug:sfdb_animation.obj
 0001:00022960       sf_debug_sm_reset_object_selection_status 0000000180023960 f   sfc_debug:sfdb_animation.obj
 0001:00022a00       sf_debug_sm_reset_state_buffer 0000000180023a00 f   sfc_debug:sfdb_animation.obj
 0001:00022ad0       sf_debug_sm_store_state_buffer 0000000180023ad0 f   sfc_debug:sfdb_animation.obj
 0001:00022b50       sf_debug_sm_restore_state_buffer1 0000000180023b50 f   sfc_debug:sfdb_animation.obj
 0001:00022bc0       sf_debug_sm_restore_state_buffer2 0000000180023bc0 f   sfc_debug:sfdb_animation.obj
 0001:00022c30       sf_debug_sm_chart_active   0000000180023c30 f   sfc_debug:sfdb_animation.obj
 0001:00022c80       sf_debug_sm_select_active_objects 0000000180023c80 f   sfc_debug:sfdb_animation.obj
 0001:00023150       sf_debug_sm_is_chart_active 0000000180024150 f   sfc_debug:sfdb_animation.obj
 0001:00023190       sf_debug_sm_is_state_active 0000000180024190 f   sfc_debug:sfdb_animation.obj
 0001:000233d0       sf_debug_sm_get_active_states 00000001800243d0 f   sfc_debug:sfdb_animation.obj
 0001:00023980       sf_debug_sm_initialize_instance 0000000180024980 f   sfc_debug:sfdb_animation.obj
 0001:00023b90       sf_debug_sm_change_object_selection_status 0000000180024b90 f   sfc_debug:sfdb_animation.obj
 0001:00023e60       cv_create_interface        0000000180024e60 f   sfc_debug:cv_sfinterface.obj
 0001:00024170       cv_init_trans              0000000180025170 f   sfc_debug:cv_sfinterface.obj
 0001:000241c0       cv_init_saturation         00000001800251c0 f   sfc_debug:cv_sfinterface.obj
 0001:00024200       cv_init_testobjective      0000000180025200 f   sfc_debug:cv_sfinterface.obj
 0001:00024240       cv_init_state              0000000180025240 f   sfc_debug:cv_sfinterface.obj
 0001:000242b0       cv_init_chart              00000001800252b0 f   sfc_debug:cv_sfinterface.obj
 0001:00024300       cv_dec_update_call         0000000180025300 f   sfc_debug:cv_sfinterface.obj
 0001:00024340       cv_cond_update_call        0000000180025340 f   sfc_debug:cv_sfinterface.obj
 0001:00024380       cv_saturation_update_call  0000000180025380 f   sfc_debug:cv_sfinterface.obj
 0001:000243c0       cv_saturation_update_accum 00000001800253c0 f   sfc_debug:cv_sfinterface.obj
 0001:00024400       cv_testobjective_update_call 0000000180025400 f   sfc_debug:cv_sfinterface.obj
 0001:00024440       cv_sigrange_update         0000000180025440 f   sfc_debug:cv_sfinterface.obj
 0001:00024480       cvsf_eml_eval              0000000180025480 f   sfc_debug:cv_sfinterface.obj
 0001:00024560       cvsf_eml_init_script       0000000180025560 f   sfc_debug:cv_sfinterface.obj
 0001:000245f0       cvsf_eml_init_fcn          00000001800255f0 f   sfc_debug:cv_sfinterface.obj
 0001:00024650       cvsf_eml_init_testobjective 0000000180025650 f   sfc_debug:cv_sfinterface.obj
 0001:000246b0       cvsf_eml_init_saturation   00000001800256b0 f   sfc_debug:cv_sfinterface.obj
 0001:00024700       cvsf_eml_init_if           0000000180025700 f   sfc_debug:cv_sfinterface.obj
 0001:00024760       cvsf_eml_init_for          0000000180025760 f   sfc_debug:cv_sfinterface.obj
 0001:000247b0       cvsf_eml_init_while        00000001800257b0 f   sfc_debug:cv_sfinterface.obj
 0001:00024800       cvsf_eml_init_mcdc         0000000180025800 f   sfc_debug:cv_sfinterface.obj
 0001:00024890       cvsf_eml_init_switch       0000000180025890 f   sfc_debug:cv_sfinterface.obj
 0001:00024900       cvsf_script_eval           0000000180025900 f   sfc_debug:cv_sfinterface.obj
 0001:000249e0       cvsf_script_init_script    00000001800259e0 f   sfc_debug:cv_sfinterface.obj
 0001:00024a70       cvsf_script_init_fcn       0000000180025a70 f   sfc_debug:cv_sfinterface.obj
 0001:00024ad0       cvsf_script_init_testobjective 0000000180025ad0 f   sfc_debug:cv_sfinterface.obj
 0001:00024b30       cvsf_script_init_saturation 0000000180025b30 f   sfc_debug:cv_sfinterface.obj
 0001:00024b80       cvsf_script_init_if        0000000180025b80 f   sfc_debug:cv_sfinterface.obj
 0001:00024be0       cvsf_script_init_for       0000000180025be0 f   sfc_debug:cv_sfinterface.obj
 0001:00024c30       cvsf_script_init_while     0000000180025c30 f   sfc_debug:cv_sfinterface.obj
 0001:00024c80       cvsf_script_init_mcdc      0000000180025c80 f   sfc_debug:cv_sfinterface.obj
 0001:00024d10       cvsf_script_init_switch    0000000180025d10 f   sfc_debug:cv_sfinterface.obj
 0001:00024d80       cv_destroy_interface       0000000180025d80 f   sfc_debug:cv_sfinterface.obj
 0001:00024da0       cv_create_instance_objects 0000000180025da0 f   sfc_debug:cv_sfinterface.obj
 0001:00025210       cv_is_enabled              0000000180026210 f   sfc_debug:cv_sfinterface.obj
 0001:00025220       sf_debug_cv_initialize_script 0000000180026220 f   sfc_debug:cv_sfinterface.obj
 0001:000253b0       sf_debug_cv_initialize_instance 00000001800263b0 f   sfc_debug:cv_sfinterface.obj
 0001:00025740       sf_debug_cv_terminate_chart 0000000180026740 f   sfc_debug:cv_sfinterface.obj
 0001:00025860       cv_call_trans_test         0000000180026860 f   sfc_debug:cv_sfinterface.obj
 0001:00025870       cv_call_sub_cond_test      0000000180026870 f   sfc_debug:cv_sfinterface.obj
 0001:000258b0       sf_debug_st_initialize_machine 00000001800268b0 f   sfc_debug:sfdb_data_browse.obj
 0001:00025960       sf_debug_st_initialize_instance 0000000180026960 f   sfc_debug:sfdb_data_browse.obj
 0001:00025b70       sf_debug_st_terminate      0000000180026b70 f   sfc_debug:sfdb_data_browse.obj
 0001:00025f10       sf_debug_st_set_data_value_ptr_in_machine 0000000180026f10 f   sfc_debug:sfdb_data_browse.obj
 0001:00025fa0       sf_debug_st_set_data_value_ptr_in_instance 0000000180026fa0 f   sfc_debug:sfdb_data_browse.obj
 0001:00026080       sf_debug_st_unset_data_value_ptr_in_machine 0000000180027080 f   sfc_debug:sfdb_data_browse.obj
 0001:000260f0       sf_debug_st_unset_data_value_ptr_in_instance 00000001800270f0 f   sfc_debug:sfdb_data_browse.obj
 0001:000263b0       sf_debug_mx_value          00000001800273b0 f   sfc_debug:sfdb_data_browse.obj
 0001:00026410       sf_debug_mx_packed_vector  0000000180027410 f   sfc_debug:sfdb_data_browse.obj
 0001:000264f0       sf_debug_mx_uint_vector    00000001800274f0 f   sfc_debug:sfdb_data_browse.obj
 0001:000265a0       sf_debug_st_get_double_value_from_void_ptr_vector 00000001800275a0 f   sfc_debug:sfdb_data_browse.obj
 0001:00027080       sf_debug_st_browse_data    0000000180028080 f   sfc_debug:sfdb_data_browse.obj
 0001:000278c0       sf_debug_hm_initialize_instance 00000001800288c0 f   sfc_debug:sfdb_handle_management.obj
 0001:00027da0       sf_debug_hm_get_object_id  0000000180028da0 f   sfc_debug:sfdb_handle_management.obj
 0001:00028950       sf_debug_hm_update_chart_visibility 0000000180029950 f   sfc_debug:sfdb_handle_management.obj
 0001:00029b40       sf_debug_object_is_eml_function 000000018002ab40 f   sfc_debug:sfdb_handle_management.obj
 0001:00029bb0       sf_debug_hm_initialize_ids_in_machine 000000018002abb0 f   sfc_debug:sfdb_handle_management.obj
 0001:00029d20       sf_debug_hm_initialize_ids_in_chart 000000018002ad20 f   sfc_debug:sfdb_handle_management.obj
 0001:00029e20       sf_debug_hm_initialize_chart 000000018002ae20 f   sfc_debug:sfdb_handle_management.obj
 0001:0002a520       sf_debug_hm_terminate      000000018002b520 f   sfc_debug:sfdb_handle_management.obj
 0001:0002a580       sf_debug_hm_initialize_machine 000000018002b580 f   sfc_debug:sfdb_handle_management.obj
 0001:0002aca0       sf_debug_ss_initialize     000000018002bca0 f   sfc_debug:sfdb_symbol_scope.obj
 0001:0002acc0       sf_debug_ss_terminate      000000018002bcc0 f   sfc_debug:sfdb_symbol_scope.obj
 0001:0002ad50       sf_debug_ss_push_symbol_scope 000000018002bd50 f   sfc_debug:sfdb_symbol_scope.obj
 0001:0002ae50       sf_debug_ss_push_symbol_scope_eml 000000018002be50 f   sfc_debug:sfdb_symbol_scope.obj
 0001:0002aeb0       sf_debug_ss_pop_symbol_scope 000000018002beb0 f   sfc_debug:sfdb_symbol_scope.obj
 0001:0002af60       sf_debug_ss_add_symbol     000000018002bf60 f   sfc_debug:sfdb_symbol_scope.obj
 0001:0002b0d0       sf_debug_ss_add_symbol_eml 000000018002c0d0 f   sfc_debug:sfdb_symbol_scope.obj
 0001:0002bfd0       sf_debug_ss_set_data_value 000000018002cfd0 f   sfc_debug:sfdb_symbol_scope.obj
 0001:0002c420       getInstanceNumber          000000018002d420 f   sfc_debug:sfdb_symbol_scope.obj
 0001:0002c4f0       sf_debug_ss_watch_data     000000018002d4f0 f   sfc_debug:sfdb_symbol_scope.obj
 0001:0002c6e0       sf_debug_ss_assign_data    000000018002d6e0 f   sfc_debug:sfdb_symbol_scope.obj
 0001:0002d0f0       get_data_entry_name        000000018002e0f0 f   sfc_debug:sfdb_symbol_scope.obj
 0001:0002d140       sf_debug_ss_whos           000000018002e140 f   sfc_debug:sfdb_symbol_scope.obj
 0001:0002d790       sf_debug_cc_initialize_chart 000000018002e790 f   sfc_debug:sfdb_coverage.obj
 0001:0002e180       sf_debug_cc_initialize_instance 000000018002f180 f   sfc_debug:sfdb_coverage.obj
 0001:0002eec0       sf_debug_cc_terminate      000000018002fec0 f   sfc_debug:sfdb_coverage.obj
 0001:0002efb0       sf_debug_cc_set_transition_maps 000000018002ffb0 f   sfc_debug:sfdb_coverage.obj
 0001:0002f0e0       sf_debug_cc_set_state_maps 00000001800300e0 f   sfc_debug:sfdb_coverage.obj
 0001:0002f1c0       sf_debug_cc_set_transition_weights 00000001800301c0 f   sfc_debug:sfdb_coverage.obj
 0001:0002f480       sf_debug_cc_set_state_weights 0000000180030480 f   sfc_debug:sfdb_coverage.obj
 0001:0002f750       sf_debug_cc_mark_transition_guard 0000000180030750 f   sfc_debug:sfdb_coverage.obj
 0001:0002f7e0       sf_debug_cc_mark_transition_trigger 00000001800307e0 f   sfc_debug:sfdb_coverage.obj
 0001:0002f870       sf_debug_cc_mark_transition_decision 0000000180030870 f   sfc_debug:sfdb_coverage.obj
 0001:0002f8e0       sf_debug_cc_mark_transition_condition_action 00000001800308e0 f   sfc_debug:sfdb_coverage.obj
 0001:0002f930       sf_debug_cc_mark_transition_transition_action 0000000180030930 f   sfc_debug:sfdb_coverage.obj
 0001:0002f980       sf_debug_cc_mark_state_entry 0000000180030980 f   sfc_debug:sfdb_coverage.obj
 0001:0002f9d0       sf_debug_cc_mark_state_during 00000001800309d0 f   sfc_debug:sfdb_coverage.obj
 0001:0002fa20       sf_debug_cc_mark_state_exit 0000000180030a20 f   sfc_debug:sfdb_coverage.obj
 0001:0002fa70       sf_debug_bm_clear_script_breakpoints 0000000180030a70 f   sfc_debug:sfdb_breakpoints.obj
 0001:0002faa0       sf_debug_bm_set_script_breakpoint 0000000180030aa0 f   sfc_debug:sfdb_breakpoints.obj
 0001:0002fb20       sf_debug_bm_clear_single_script_breakpoint 0000000180030b20 f   sfc_debug:sfdb_breakpoints.obj
 0001:0002fba0       sf_debug_bm_query_script_breakpoint 0000000180030ba0 f   sfc_debug:sfdb_breakpoints.obj
 0001:0002fbf0       sf_debug_bm_initialize_scripts 0000000180030bf0 f   sfc_debug:sfdb_breakpoints.obj
 0001:00030280       sf_debug_bm_terminate      0000000180031280 f   sfc_debug:sfdb_breakpoints.obj
 0001:00030560       sf_debug_bm_remove_all_breakpoints_in_machine 0000000180031560 f   sfc_debug:sfdb_breakpoints.obj
 0001:000305c0       sf_debug_bm_remove_all_breakpoints_in_chart 00000001800315c0 f   sfc_debug:sfdb_breakpoints.obj
 0001:00030710       sf_debug_bm_initialize_global_breakpoints 0000000180031710 f   sfc_debug:sfdb_breakpoints.obj
 0001:00030890       sf_debug_bm_set_breakpoint 0000000180031890 f   sfc_debug:sfdb_breakpoints.obj
 0001:00030e50       sf_debug_bm_set_eml_breakpoint 0000000180031e50 f   sfc_debug:sfdb_breakpoints.obj
 0001:00030ee0       sf_debug_bm_initialize_machine_breakpoint_map 0000000180031ee0 f   sfc_debug:sfdb_breakpoints.obj
 0001:00031300       sf_debug_bm_is_a_breakpoint 0000000180032300 f   sfc_debug:sfdb_breakpoints.obj
 0001:00031820       sf_debug_bm_get_all_breakpoints_in_machine 0000000180032820 f   sfc_debug:sfdb_breakpoints.obj
 0001:00031b20       sf_debug_bm_get_all_breakpoints_in_chart 0000000180032b20 f   sfc_debug:sfdb_breakpoints.obj
 0001:000326b0       sf_debug_bm_initialize_machine 00000001800336b0 f   sfc_debug:sfdb_breakpoints.obj
 0001:00032780       sf_debug_bm_initialize_chart 0000000180033780 f   sfc_debug:sfdb_breakpoints.obj
 0001:00032b70       sf_debug_sc_terminate      0000000180033b70 f   sfc_debug:sfdb_state_consistency.obj
 0001:00032e90       sf_debug_sc_is_chart_consistent 0000000180033e90 f   sfc_debug:sfdb_state_consistency.obj
 0001:00033140       sf_debug_sc_get_consistency_error_info 0000000180034140 f   sfc_debug:sfdb_state_consistency.obj
 0001:00033550       sf_debug_tm_terminate      0000000180034550 f   sfc_debug:sfdb_call_stack.obj
 0001:00033600       sf_debug_tm_push_chart_instance 0000000180034600 f   sfc_debug:sfdb_call_stack.obj
 0001:00033740       sf_debug_tm_pop_chart_instance 0000000180034740 f   sfc_debug:sfdb_call_stack.obj
 0001:000337a0       sf_debug_tm_push_trace_node 00000001800347a0 f   sfc_debug:sfdb_call_stack.obj
 0001:00033920       sf_debug_tm_pop_trace_node 0000000180034920 f   sfc_debug:sfdb_call_stack.obj
 0001:000339a0       sf_debug_tm_get_current_global_trace_index 00000001800349a0 f   sfc_debug:sfdb_call_stack.obj
 0001:000339b0       sf_debug_tm_get_current_local_trace_index 00000001800349b0 f   sfc_debug:sfdb_call_stack.obj
 0001:000339e0       sf_debug_tm_set_cycle_detected_flag 00000001800349e0 f   sfc_debug:sfdb_call_stack.obj
 0001:00033a20       sf_debug_tm_set_cycle_started_flag 0000000180034a20 f   sfc_debug:sfdb_call_stack.obj
 0001:00033a60       sf_debug_tm_get_chart_number_from_stack 0000000180034a60 f   sfc_debug:sfdb_call_stack.obj
 0001:00033c60       sf_debug_tm_browse_trace   0000000180034c60 f   sfc_debug:sfdb_call_stack.obj
 0001:00033f70       sf_debug_cd_initialize_instance 0000000180034f70 f   sfc_debug:sfdb_cycle_detection.obj
 0001:00034220       sf_debug_cd_mark_processed_transition_in_instance 0000000180035220 f   sfc_debug:sfdb_cycle_detection.obj
 0001:000342c0       sf_debug_cd_checksum_push  00000001800352c0 f   sfc_debug:sfdb_cycle_detection.obj
 0001:00034570       sf_debug_cd_checksum_pop   0000000180035570 f   sfc_debug:sfdb_cycle_detection.obj
 0001:000345e0       sf_debug_cd_turn_off_cycle_detection 00000001800355e0 f   sfc_debug:sfdb_cycle_detection.obj
 0001:00034630       sf_debug_cd_terminate      0000000180035630 f   sfc_debug:sfdb_cycle_detection.obj
 0001:00034860       md5_initialize_state       0000000180035860 f   sfc_debug:ckmd5.obj
 0001:000352f0       md5_update_state           00000001800362f0 f   sfc_debug:ckmd5.obj
 0001:00035310       md5_get_hash               0000000180036310 f   sfc_debug:ckmd5.obj
 0001:00035340       md5_get_hash_for_a_single_string 0000000180036340 f   sfc_debug:ckmd5.obj
 0001:000353a0       mxGetPr                    00000001800363a0 f   libmx:libmx.dll
 0001:000353a6       mxCreateDoubleScalar       00000001800363a6 f   libmx:libmx.dll
 0001:000353ac       mxCreateDoubleMatrix_730   00000001800363ac f   libmx:libmx.dll
 0001:000353b2       mxSetField_730             00000001800363b2 f   libmx:libmx.dll
 0001:000353b8       mxCreateString             00000001800363b8 f   libmx:libmx.dll
 0001:000353be       mxCreateStructMatrix_730   00000001800363be f   libmx:libmx.dll
 0001:000353c4       mxCreateCellMatrix_730     00000001800363c4 f   libmx:libmx.dll
 0001:000353ca       mxDestroyArray             00000001800363ca f   libmx:libmx.dll
 0001:000353d0       mxDuplicateArray           00000001800363d0 f   libmx:libmx.dll
 0001:000353d6       mxGetInf                   00000001800363d6 f   libmx:libmx.dll
 0001:000353dc       mxGetString_730            00000001800363dc f   libmx:libmx.dll
 0001:000353e2       mxIsChar                   00000001800363e2 f   libmx:libmx.dll
 0001:000353e8       mxGetClassID               00000001800363e8 f   libmx:libmx.dll
 0001:000353ee       mxIsNumeric                00000001800363ee f   libmx:libmx.dll
 0001:000353f4       mxIsComplex                00000001800363f4 f   libmx:libmx.dll
 0001:000353fa       mxGetN                     00000001800363fa f   libmx:libmx.dll
 0001:00035400       mxGetM                     0000000180036400 f   libmx:libmx.dll
 0001:00035406       mxCalloc                   0000000180036406 f   libmx:libmx.dll
 0001:0003540c       mxGetScalar                000000018003640c f   libmx:libmx.dll
 0001:00035412       mxIsLogical                0000000180036412 f   libmx:libmx.dll
 0001:00035418       mxCreateDoubleMatrix_700   0000000180036418 f   libmx:libmx.dll
 0001:0003541e       mxFree                     000000018003641e f   libmx:libmx.dll
 0001:00035424       mxArrayToString            0000000180036424 f   libmx:libmx.dll
 0001:0003542a       mxCreateCellMatrix_700     000000018003642a f   libmx:libmx.dll
 0001:00035430       mxSetCell_700              0000000180036430 f   libmx:libmx.dll
 0001:00035436       mxGetCell_700              0000000180036436 f   libmx:libmx.dll
 0001:0003543c       mxGetClassName             000000018003643c f   libmx:libmx.dll
 0001:00035442       mxSetField_700             0000000180036442 f   libmx:libmx.dll
 0001:00035448       mxAddField                 0000000180036448 f   libmx:libmx.dll
 0001:0003544e       mxGetField_700             000000018003644e f   libmx:libmx.dll
 0001:00035454       mxGetNumberOfElements      0000000180036454 f   libmx:libmx.dll
 0001:0003545a       mxIsStruct                 000000018003645a f   libmx:libmx.dll
 0001:00035460       mxIsA                      0000000180036460 f   libmx:libmx.dll
 0001:00035466       mxIsClass                  0000000180036466 f   libmx:libmx.dll
 0001:0003546c       mxGetLogicals              000000018003646c f   libmx:libmx.dll
 0001:00035472       mxIsSparse                 0000000180036472 f   libmx:libmx.dll
 0001:00035478       mxSetFieldByNumber_700     0000000180036478 f   libmx:libmx.dll
 0001:0003547e       mxGetFieldByNumber_700     000000018003647e f   libmx:libmx.dll
 0001:00035484       mxGetFieldNameByNumber     0000000180036484 f   libmx:libmx.dll
 0001:0003548a       mxGetNumberOfFields        000000018003648a f   libmx:libmx.dll
 0001:00035490       mxCreateStructMatrix_700   0000000180036490 f   libmx:libmx.dll
 0001:00035496       mxGetFieldNumber           0000000180036496 f   libmx:libmx.dll
 0001:0003549c       mxIsNaN                    000000018003649c f   libmx:libmx.dll
 0001:000354a2       mxIsEmpty                  00000001800364a2 f   libmx:libmx.dll
 0001:000354a8       mxGetData                  00000001800364a8 f   libmx:libmx.dll
 0001:000354ae       mxGetImagData              00000001800364ae f   libmx:libmx.dll
 0001:000354b4       mxArrayClassIDName         00000001800364b4 f   libmx:libmx.dll
 0001:000354ba       mxCreateNumericMatrix_700  00000001800364ba f   libmx:libmx.dll
 0001:000354c0       mxCreateStructArray_700    00000001800364c0 f   libmx:libmx.dll
 0001:000354c6       mxCalcSingleSubscript_700  00000001800364c6 f   libmx:libmx.dll
 0001:000354cc       mxGetDimensions_700        00000001800364cc f   libmx:libmx.dll
 0001:000354d2       mxGetNumberOfDimensions_700 00000001800364d2 f   libmx:libmx.dll
 0001:000354d8       mxCreateNumericArray_700   00000001800364d8 f   libmx:libmx.dll
 0001:000354de       mxGetElementSize           00000001800364de f   libmx:libmx.dll
 0001:000354e4       mxCreateStringFromNChars_700 00000001800364e4 f   libmx:libmx.dll
 0001:000354ea       mxGetString_700            00000001800364ea f   libmx:libmx.dll
 0001:000354f0       mxIsLogicalScalarTrue      00000001800364f0 f   libmx:libmx.dll
 0001:000354f6       mxCreateLogicalScalar      00000001800364f6 f   libmx:libmx.dll
 0001:000354fc       mexUnlock                  00000001800364fc f   libmex:libmex.dll
 0001:00035502       mexIsLocked                0000000180036502 f   libmex:libmex.dll
 0001:00035508       mexWarnMsgTxt              0000000180036508 f   libmex:libmex.dll
 0001:0003550e       mexCallMATLAB              000000018003650e f   libmex:libmex.dll
 0001:00035514       mexErrMsgTxt               0000000180036514 f   libmex:libmex.dll
 0001:0003551a       mexMakeArrayPersistent     000000018003651a f   libmex:libmex.dll
 0001:00035520       mexSetTrapFlag             0000000180036520 f   libmex:libmex.dll
 0001:00035526       mexPutVariable             0000000180036526 f   libmex:libmex.dll
 0001:0003552c       mexGetVariable             000000018003652c f   libmex:libmex.dll
 0001:00035532       mexLock                    0000000180036532 f   libmex:libmex.dll
 0001:00035538       mexMakeMemoryPersistent    0000000180036538 f   libmex:libmex.dll
 0001:0003553e       mexFunctionName            000000018003653e f   libmex:libmex.dll
 0001:00035544       ssRegisterDataTypeFxpFSlopeFixExpBias 0000000180036544 f   libfixedpoint:libfixedpoint.dll
 0001:0003554a       ssRegisterDataTypeFxpScaledDouble 000000018003654a f   libfixedpoint:libfixedpoint.dll
 0001:00035550       utMalloc                   0000000180036550 f   libut:libut.dll
 0001:00035556       utFree                     0000000180036556 f   libut:libut.dll
 0001:0003555c       utVSNprintf                000000018003655c f   libut:libut.dll
 0001:00035562       utCPUtime                  0000000180036562 f   libut:libut.dll
 0001:00035568       utCalloc                   0000000180036568 f   libut:libut.dll
 0001:0003556e       utRealloc                  000000018003656e f   libut:libut.dll
 0001:00035574       emlrtCreateRootTLS         0000000180036574 f   libemlrt:libemlrt.dll
 0001:0003557a       emlrtDestroyRootTLS        000000018003657a f   libemlrt:libemlrt.dll
 0001:00035580       emlrtCheckBuiltInR2012b    0000000180036580 f   libemlrt:libemlrt.dll
 0001:00035586       emlrtCheckVsBuiltInR2012b  0000000180036586 f   libemlrt:libemlrt.dll
 0001:0003558c       emlrtCheckEnumR2012b       000000018003658c f   libemlrt:libemlrt.dll
 0001:00035592       emlrtCreateEnumR2012b      0000000180036592 f   libemlrt:libemlrt.dll
 0001:00035598       emlrtGetEnumElementR2009a  0000000180036598 f   libemlrt:libemlrt.dll
 0001:0003559e       emlrtCreateReference       000000018003659e f   libemlrt:libemlrt.dll
 0001:000355a4       emlrtImportVsFiArrayR2009b 00000001800365a4 f   libemlrt:libemlrt.dll
 0001:000355aa       emlrtNameCapturePostProcessR2012a 00000001800365aa f   libemlrt:libemlrt.dll
 0001:000355b0       emlrtExtractMessageId      00000001800365b0 f   libemlrt:libemlrt.dll
 0001:000355b6       emlrtTranslateMessageIDtoLCPstring 00000001800365b6 f   libemlrt:libemlrt.dll
 0001:000355bc       emlrtForLoopVectorIsValidR2011b 00000001800365bc f   libemlrt:libemlrt.dll
 0001:000355c2       emlrtTranslateUTF16MessagetoLCPstring 00000001800365c2 f   libemlrt:libemlrt.dll
 0001:000355c8       emlrtGetEnumUnderlyingArrayR2009a 00000001800365c8 f   libemlrt:libemlrt.dll
 0001:000355ce       emlrtIsEnumR2009a          00000001800365ce f   libemlrt:libemlrt.dll
 0001:000355d4       __GSHandlerCheckCommon     00000001800365d4 f   MSVCRT:gshandler.obj
 0001:00035638       __GSHandlerCheck           0000000180036638 f   MSVCRT:gshandler.obj
 0001:00035656       strlen                     0000000180036656 f   MSVCRT:MSVCR100.dll
 0001:00035670       __security_check_cookie    0000000180036670 f   MSVCRT:amdsecgs.obj
 0001:00035690       memset                     0000000180036690 f   MSVCRT:MSVCR100.dll
 0001:00035696       strcmp                     0000000180036696 f   MSVCRT:MSVCR100.dll
 0001:0003569c       free                       000000018003669c f   MSVCRT:MSVCR100.dll
 0001:000356a2       sprintf                    00000001800366a2 f   MSVCRT:MSVCR100.dll
 0001:000356a8       malloc                     00000001800366a8 f   MSVCRT:MSVCR100.dll
 0001:000356ae       strcat                     00000001800366ae f   MSVCRT:MSVCR100.dll
 0001:000356b4       memcpy                     00000001800366b4 f   MSVCRT:MSVCR100.dll
 0001:000356bc       NtCurrentTeb               00000001800366bc f i MSVCRT:crtdll.obj
 0001:00035728       _CRT_INIT                  0000000180036728 f   MSVCRT:crtdll.obj
 0001:00035ac0       _DllMainCRTStartup         0000000180036ac0 f   MSVCRT:crtdll.obj
 0001:00035afe       strncpy                    0000000180036afe f   MSVCRT:MSVCR100.dll
 0001:00035b20       __chkstk                   0000000180036b20 f   MSVCRT:chkstk.obj
 0001:00035b20       _alloca_probe              0000000180036b20     MSVCRT:chkstk.obj
 0001:00035b6e       longjmp                    0000000180036b6e f   MSVCRT:MSVCR100.dll
 0001:00035b74       strncmp                    0000000180036b74 f   MSVCRT:MSVCR100.dll
 0001:00035b7a       ceil                       0000000180036b7a f   MSVCRT:MSVCR100.dll
 0001:00035b80       strrchr                    0000000180036b80 f   MSVCRT:MSVCR100.dll
 0001:00035b86       _setjmp                    0000000180036b86 f   MSVCRT:MSVCR100.dll
 0001:00035b8c       ldexp                      0000000180036b8c f   MSVCRT:MSVCR100.dll
 0001:00035b94       __report_gsfailure         0000000180036b94 f   MSVCRT:gs_report.obj
 0001:00035ce0       __clean_type_info_names    0000000180036ce0 f   MSVCRT:tncleanup.obj
 0001:00035cec       _onexit                    0000000180036cec f   MSVCRT:atonexit.obj
 0001:00035d9c       atexit                     0000000180036d9c f   MSVCRT:atonexit.obj
 0001:00035db4       _RTC_Initialize            0000000180036db4 f   MSVCRT:_initsect_.obj
 0001:00035dec       _RTC_Terminate             0000000180036dec f   MSVCRT:_initsect_.obj
 0001:00035e24       _malloc_crt                0000000180036e24 f   MSVCRT:MSVCR100.dll
 0001:00035e30       _ValidateImageBase         0000000180036e30 f   MSVCRT:pesect.obj
 0001:00035e60       _FindPESection             0000000180036e60 f   MSVCRT:pesect.obj
 0001:00035eb0       _IsNonwritableInCurrentImage 0000000180036eb0 f   MSVCRT:pesect.obj
 0001:00035ef2       _initterm                  0000000180036ef2 f   MSVCRT:MSVCR100.dll
 0001:00035ef8       _initterm_e                0000000180036ef8 f   MSVCRT:MSVCR100.dll
 0001:00035efe       _encoded_null              0000000180036efe f   MSVCRT:MSVCR100.dll
 0001:00035f04       _amsg_exit                 0000000180036f04 f   MSVCRT:MSVCR100.dll
 0001:00035f0a       __C_specific_handler       0000000180036f0a f   MSVCRT:MSVCR100.dll
 0001:00035f10       __CppXcptFilter            0000000180036f10 f   MSVCRT:MSVCR100.dll
 0001:00035f18       DllMain                    0000000180036f18 f   MSVCRT:dllmain.obj
 0001:00035f3c       __security_init_cookie     0000000180036f3c f   MSVCRT:gs_support.obj
 0001:00035ff0       __crt_debugger_hook        0000000180036ff0 f   MSVCRT:MSVCR100.dll
 0001:00035ff6       __clean_type_info_names_internal 0000000180036ff6 f   MSVCRT:MSVCR100.dll
 0001:00035ffc       _unlock                    0000000180036ffc f   MSVCRT:MSVCR100.dll
 0001:00036002       __dllonexit                0000000180037002 f   MSVCRT:MSVCR100.dll
 0001:00036008       _lock                      0000000180037008 f   MSVCRT:MSVCR100.dll
 0001:0003600e       EncodePointer              000000018003700e f   kernel32:KERNEL32.dll
 0001:00036014       DecodePointer              0000000180037014 f   kernel32:KERNEL32.dll
 0001:0003601a       Sleep                      000000018003701a f   kernel32:KERNEL32.dll
 0001:00036020       TerminateProcess           0000000180037020 f   kernel32:KERNEL32.dll
 0001:00036026       GetCurrentProcess          0000000180037026 f   kernel32:KERNEL32.dll
 0001:0003602c       UnhandledExceptionFilter   000000018003702c f   kernel32:KERNEL32.dll
 0001:00036032       SetUnhandledExceptionFilter 0000000180037032 f   kernel32:KERNEL32.dll
 0001:00036038       IsDebuggerPresent          0000000180037038 f   kernel32:KERNEL32.dll
 0001:0003603e       RtlVirtualUnwind           000000018003703e f   kernel32:KERNEL32.dll
 0001:00036044       RtlLookupFunctionEntry     0000000180037044 f   kernel32:KERNEL32.dll
 0001:0003604a       RtlCaptureContext          000000018003704a f   kernel32:KERNEL32.dll
 0001:00036050       DisableThreadLibraryCalls  0000000180037050 f   kernel32:KERNEL32.dll
 0001:00036056       QueryPerformanceCounter    0000000180037056 f   kernel32:KERNEL32.dll
 0001:0003605c       GetTickCount               000000018003705c f   kernel32:KERNEL32.dll
 0001:00036062       GetCurrentThreadId         0000000180037062 f   kernel32:KERNEL32.dll
 0001:00036068       GetCurrentProcessId        0000000180037068 f   kernel32:KERNEL32.dll
 0001:0003606e       GetSystemTimeAsFileTime    000000018003706e f   kernel32:KERNEL32.dll
 0002:00000000       __imp_GetSystemTimeAsFileTime 0000000180038000     kernel32:KERNEL32.dll
 0002:00000008       __imp_GetCurrentProcessId  0000000180038008     kernel32:KERNEL32.dll
 0002:00000010       __imp_GetCurrentThreadId   0000000180038010     kernel32:KERNEL32.dll
 0002:00000018       __imp_GetTickCount         0000000180038018     kernel32:KERNEL32.dll
 0002:00000020       __imp_QueryPerformanceCounter 0000000180038020     kernel32:KERNEL32.dll
 0002:00000028       __imp_DisableThreadLibraryCalls 0000000180038028     kernel32:KERNEL32.dll
 0002:00000030       __imp_RtlCaptureContext    0000000180038030     kernel32:KERNEL32.dll
 0002:00000038       __imp_RtlLookupFunctionEntry 0000000180038038     kernel32:KERNEL32.dll
 0002:00000040       __imp_RtlVirtualUnwind     0000000180038040     kernel32:KERNEL32.dll
 0002:00000048       __imp_IsDebuggerPresent    0000000180038048     kernel32:KERNEL32.dll
 0002:00000050       __imp_SetUnhandledExceptionFilter 0000000180038050     kernel32:KERNEL32.dll
 0002:00000058       __imp_UnhandledExceptionFilter 0000000180038058     kernel32:KERNEL32.dll
 0002:00000060       __imp_GetCurrentProcess    0000000180038060     kernel32:KERNEL32.dll
 0002:00000068       __imp_TerminateProcess     0000000180038068     kernel32:KERNEL32.dll
 0002:00000070       __imp_Sleep                0000000180038070     kernel32:KERNEL32.dll
 0002:00000078       __imp_DecodePointer        0000000180038078     kernel32:KERNEL32.dll
 0002:00000080       __imp_EncodePointer        0000000180038080     kernel32:KERNEL32.dll
 0002:00000088       \177KERNEL32_NULL_THUNK_DATA 0000000180038088     kernel32:KERNEL32.dll
 0002:00000090       __imp__onexit              0000000180038090     MSVCRT:MSVCR100.dll
 0002:00000098       __imp__lock                0000000180038098     MSVCRT:MSVCR100.dll
 0002:000000a0       __imp___dllonexit          00000001800380a0     MSVCRT:MSVCR100.dll
 0002:000000a8       __imp__unlock              00000001800380a8     MSVCRT:MSVCR100.dll
 0002:000000b0       __imp___clean_type_info_names_internal 00000001800380b0     MSVCRT:MSVCR100.dll
 0002:000000b8       __imp___crt_debugger_hook  00000001800380b8     MSVCRT:MSVCR100.dll
 0002:000000c0       __imp___CppXcptFilter      00000001800380c0     MSVCRT:MSVCR100.dll
 0002:000000c8       __imp___C_specific_handler 00000001800380c8     MSVCRT:MSVCR100.dll
 0002:000000d0       __imp__amsg_exit           00000001800380d0     MSVCRT:MSVCR100.dll
 0002:000000d8       __imp__encoded_null        00000001800380d8     MSVCRT:MSVCR100.dll
 0002:000000e0       __imp__initterm_e          00000001800380e0     MSVCRT:MSVCR100.dll
 0002:000000e8       __imp__initterm            00000001800380e8     MSVCRT:MSVCR100.dll
 0002:000000f0       __imp__malloc_crt          00000001800380f0     MSVCRT:MSVCR100.dll
 0002:000000f8       __imp_ldexp                00000001800380f8     MSVCRT:MSVCR100.dll
 0002:00000100       __imp__setjmp              0000000180038100     MSVCRT:MSVCR100.dll
 0002:00000108       __imp_strrchr              0000000180038108     MSVCRT:MSVCR100.dll
 0002:00000110       __imp_ceil                 0000000180038110     MSVCRT:MSVCR100.dll
 0002:00000118       __imp_strncmp              0000000180038118     MSVCRT:MSVCR100.dll
 0002:00000120       __imp_longjmp              0000000180038120     MSVCRT:MSVCR100.dll
 0002:00000128       __imp_strncpy              0000000180038128     MSVCRT:MSVCR100.dll
 0002:00000130       __imp_memcpy               0000000180038130     MSVCRT:MSVCR100.dll
 0002:00000138       __imp_strcat               0000000180038138     MSVCRT:MSVCR100.dll
 0002:00000140       __imp_malloc               0000000180038140     MSVCRT:MSVCR100.dll
 0002:00000148       __imp_sprintf              0000000180038148     MSVCRT:MSVCR100.dll
 0002:00000150       __imp_free                 0000000180038150     MSVCRT:MSVCR100.dll
 0002:00000158       __imp_strcmp               0000000180038158     MSVCRT:MSVCR100.dll
 0002:00000160       __imp_memset               0000000180038160     MSVCRT:MSVCR100.dll
 0002:00000168       __imp_strlen               0000000180038168     MSVCRT:MSVCR100.dll
 0002:00000170       \177MSVCR100_NULL_THUNK_DATA 0000000180038170     MSVCRT:MSVCR100.dll
 0002:00000178       __imp_emlrtIsEnumR2009a    0000000180038178     libemlrt:libemlrt.dll
 0002:00000180       __imp_emlrtGetEnumUnderlyingArrayR2009a 0000000180038180     libemlrt:libemlrt.dll
 0002:00000188       __imp_emlrtTranslateUTF16MessagetoLCPstring 0000000180038188     libemlrt:libemlrt.dll
 0002:00000190       __imp_emlrtForLoopVectorIsValidR2011b 0000000180038190     libemlrt:libemlrt.dll
 0002:00000198       __imp_emlrtTranslateMessageIDtoLCPstring 0000000180038198     libemlrt:libemlrt.dll
 0002:000001a0       __imp_emlrtExtractMessageId 00000001800381a0     libemlrt:libemlrt.dll
 0002:000001a8       __imp_emlrtNameCapturePostProcessR2012a 00000001800381a8     libemlrt:libemlrt.dll
 0002:000001b0       __imp_emlrtImportVsFiArrayR2009b 00000001800381b0     libemlrt:libemlrt.dll
 0002:000001b8       __imp_emlrtCreateReference 00000001800381b8     libemlrt:libemlrt.dll
 0002:000001c0       __imp_emlrtGetEnumElementR2009a 00000001800381c0     libemlrt:libemlrt.dll
 0002:000001c8       __imp_emlrtCreateEnumR2012b 00000001800381c8     libemlrt:libemlrt.dll
 0002:000001d0       __imp_emlrtCheckEnumR2012b 00000001800381d0     libemlrt:libemlrt.dll
 0002:000001d8       __imp_emlrtCheckVsBuiltInR2012b 00000001800381d8     libemlrt:libemlrt.dll
 0002:000001e0       __imp_emlrtCheckBuiltInR2012b 00000001800381e0     libemlrt:libemlrt.dll
 0002:000001e8       __imp_emlrtDestroyRootTLS  00000001800381e8     libemlrt:libemlrt.dll
 0002:000001f0       __imp_emlrtCreateRootTLS   00000001800381f0     libemlrt:libemlrt.dll
 0002:000001f8       \177libemlrt_NULL_THUNK_DATA 00000001800381f8     libemlrt:libemlrt.dll
 0002:00000200       __imp_ssRegisterDataTypeFxpScaledDouble 0000000180038200     libfixedpoint:libfixedpoint.dll
 0002:00000208       __imp_ssRegisterDataTypeFxpFSlopeFixExpBias 0000000180038208     libfixedpoint:libfixedpoint.dll
 0002:00000210       \177libfixedpoint_NULL_THUNK_DATA 0000000180038210     libfixedpoint:libfixedpoint.dll
 0002:00000218       __imp_mexGetVariable       0000000180038218     libmex:libmex.dll
 0002:00000220       __imp_mexLock              0000000180038220     libmex:libmex.dll
 0002:00000228       __imp_mexMakeMemoryPersistent 0000000180038228     libmex:libmex.dll
 0002:00000230       __imp_mexFunctionName      0000000180038230     libmex:libmex.dll
 0002:00000238       __imp_mexPutVariable       0000000180038238     libmex:libmex.dll
 0002:00000240       __imp_mexSetTrapFlag       0000000180038240     libmex:libmex.dll
[...]
 0001:0000bd30       sf_mex_check_complex       000000018000cd30 f   sfc_mex:sfc_mex.obj
 0001:0000bdc0       sf_mex_check_sparse        000000018000cdc0 f   sfc_mex:sfc_mex.obj
 0001:0000be20       sf_mex_check_numerictype   000000018000ce20 f   sfc_mex:sfc_mex.obj
 0001:0000bfb0       sf_mex_check_fimath        000000018000cfb0 f   sfc_mex:sfc_mex.obj
 0001:0000cb10       size_mismatch_error        000000018000db10 f   sfc_mex:sfc_mex.obj
 0001:0000d580       check_array_dimensions     000000018000e580 f   sfc_mex:sfc_mex.obj
 0001:0000d5f0       check_input_mxarray        000000018000e5f0 f   sfc_mex:sfc_mex.obj
 0001:0000dd30       sf_numeric_value_to_double 000000018000ed30 f   sfc_mex:sfc_mex.obj
 0001:0000dd80       ml_generic_out_of_bounds_check 000000018000ed80 f   sfc_mex:sfc_mex.obj
 0001:0000df40       ml_get_element_value_from_array 000000018000ef40 f   sfc_mex:sfc_mex.obj
 0001:0000e2e0       _ml_generic_castability_check 000000018000f2e0 f   sfc_mex:sfc_mex.obj
 0001:0000ea30       ml_generic_castability_check 000000018000fa30 f   sfc_mex:sfc_mex.obj
 0001:0000ead0       ml_check_mx_array_for_single_castability 000000018000fad0 f   sfc_mex:sfc_mex.obj
 0001:0000eb70       ml_check_mx_array_for_logical_castability 000000018000fb70 f   sfc_mex:sfc_mex.obj
 0001:0000ec10       ml_check_mx_array_for_int8_castability 000000018000fc10 f   sfc_mex:sfc_mex.obj
 0001:0000ecc0       ml_check_mx_array_for_uint8_castability 000000018000fcc0 f   sfc_mex:sfc_mex.obj
 0001:0000ed20       ml_check_mx_array_for_int16_castability 000000018000fd20 f   sfc_mex:sfc_mex.obj
 0001:0000ed80       ml_check_mx_array_for_uint16_castability 000000018000fd80 f   sfc_mex:sfc_mex.obj
 0001:0000ede0       ml_check_mx_array_for_int32_castability 000000018000fde0 f   sfc_mex:sfc_mex.obj
 0001:0000ee40       ml_check_mx_array_for_uint32_castability 000000018000fe40 f   sfc_mex:sfc_mex.obj
 0001:0000eea0       ml_check_mx_array_for_castability 000000018000fea0 f   sfc_mex:sfc_mex.obj
 0001:0000f6c0       set_data_value             00000001800106c0 f   sfc_mex:sfc_mex.obj
 0001:0000fa30       get_data_value             0000000180010a30 f   sfc_mex:sfc_mex.obj
 0001:0000fb40       get_next_element_address   0000000180010b40 f   sfc_mex:sfc_mex.obj
 0001:0000fc10       sf_normalize_index         0000000180010c10 f   sfc_mex:sfc_mex.obj
 0001:0000ffc0       ml_array_index_bound_check 0000000180010fc0 f   sfc_mex:sfc_mex.obj
 0001:00010b40       mx_value                   0000000180011b40 f   sfc_mex:sfc_mex.obj
 0001:00010b90       sf_create_numeric_array    0000000180011b90 f   sfc_mex:sfc_mex.obj
 0001:00010c30       sf_mex_assign_to_mx_array  0000000180011c30 f   sfc_mex:sfc_mex.obj
 0001:00010fa0       assign_from_mx_array       0000000180011fa0 f   sfc_mex:sfc_mex.obj
 0001:00011700       sf_mex_import_v            0000000180012700 f   sfc_mex:sfc_mex.obj
 0001:00011e10       get_machine_and_chart_file_number 0000000180012e10 f   sfc_mex:sfc_sf.obj
 0001:00011f00       get_sfun_block_specialization 0000000180012f00 f   sfc_mex:sfc_sf.obj
 0001:00011fb0       call_sf_machine_global_method_dispatcher 0000000180012fb0 f   sfc_mex:sfc_sf.obj
 0001:00012200       mdl_zeroCrossings_processing 0000000180013200 f   sfc_mex:sfc_sf.obj
 0001:000122e0       mdl_derivatives_processing 00000001800132e0 f   sfc_mex:sfc_sf.obj
 0001:000125c0       mdl_outputs_continuous_legacy 00000001800135c0 f   sfc_mex:sfc_sf.obj
 0001:00012640       mdl_outputs_processing     0000000180013640 f   sfc_mex:sfc_sf.obj
 0001:000128b0       mdl_enable_processing      00000001800138b0 f   sfc_mex:sfc_sf.obj
 0001:00012990       mdl_disable_processing     0000000180013990 f   sfc_mex:sfc_sf.obj
 0001:00013820       sf_call_output_fcn_enable_disable 0000000180014820 f   sfc_mex:sfc_sf.obj
 0001:00013aa0       set_dwork_information_from_mx_array 0000000180014aa0 f   sfc_mex:sfc_sf.obj
 0001:00014390       ptr2mxStruct               0000000180015390 f   sfc_mex:sfc_sf.obj
 0001:000146a0       SNPRINTF_WRAPPER           00000001800156a0 f   sfc_debug:sfcdebug.obj
 0001:000146d0       sf_debug_chart_instance_initialized 00000001800156d0 f   sfc_debug:sfcdebug.obj
 0001:00014870       sfrtAddSize                0000000180015870 f   sfc_debug:sfcdebug.obj
 0001:00014930       sfrtGenSizeString          0000000180015930 f   sfc_debug:sfcdebug.obj
 0001:00015080       fill_single_message_info   0000000180016080 f   sfc_debug:sfcdebug.obj
 0001:00015300       sf_debug_sim_status_listener 0000000180016300 f   sfc_debug:sfcdebug.obj
 0001:00015890       sf_debug_form_mask_bits    0000000180016890 f   sfc_debug:sfcdebug.obj
 0001:000158b0       sf_debug_form_sf_data_type_offsets 00000001800168b0 f   sfc_debug:sfcdebug.obj
 0001:00015970       sf_debug_free_all          0000000180016970 f   sfc_debug:sfcdebug.obj
 0001:00015b00       sf_debug_append_debugger_context 0000000180016b00 f   sfc_debug:sfcdebug.obj
 0001:00015e70       local_strdup               0000000180016e70 f   sfc_debug:sfcdebug.obj
 0001:00016df0       sf_debug_em_terminate      0000000180017df0 f   sfc_debug:sfcdebug.obj
 0001:00016e30       sf_debug_push_eml_function 0000000180017e30 f   sfc_debug:sfcdebug.obj
 0001:00016ed0       sf_debug_pop_eml_function  0000000180017ed0 f   sfc_debug:sfcdebug.obj
 0001:00017b70       sf_debug_get_machine_number_from_id_or_name 0000000180018b70 f   sfc_debug:sfcdebug.obj
 0001:00017cc0       sf_debug_get_chart_number_from_id 0000000180018cc0 f   sfc_debug:sfcdebug.obj
 0001:00018aa0       sf_debug_transfer_control_to_debugger_GUI 0000000180019aa0 f   sfc_debug:sfcdebug.obj
 0001:00019a10       sf_debug_scripts_rehash    000000018001aa10 f   sfc_debug:sfcdebug.obj
 0001:00019c20       sf_debug_get_script_line_count 000000018001ac20 f   sfc_debug:sfcdebug.obj
 0001:0001a670       cv_eml_state_cvId          000000018001b670 f   sfc_debug:sfcdebug.obj
 0001:0001a6e0       cv_eml_trans_cvId          000000018001b6e0 f   sfc_debug:sfcdebug.obj
 0001:0001bb60       sf_debug_data_array_bounds_error 000000018001cb60 f   sfc_debug:sfcdebug.obj
 0001:0001bf10       eml_debug_runtime_error_doclink 000000018001cf10 f   sfc_debug:sfcdebug.obj
 0001:0001c080       sf_debug_runtime_error     000000018001d080 f   sfc_debug:sfcdebug.obj
 0001:0001c0f0       sf_debug_matlab_error      000000018001d0f0 f   sfc_debug:sfcdebug.obj
 0001:0001ca60       sf_debug_data_value_error  000000018001da60 f   sfc_debug:sfcdebug.obj
 0001:0001d330       sf_debug_data_loss_error   000000018001e330 f   sfc_debug:sfcdebug.obj
 0001:0001e250       call_cv_range_check        000000018001f250 f   sfc_debug:sfcdebug.obj
 0001:0001eab0       sf_debug_invoke_cycle_detection_code 000000018001fab0 f   sfc_debug:sfcdebug.obj
 0001:0001f620       sf_reset_debug_info_struct 0000000180020620 f   sfc_debug:sfcdebug.obj
 0001:0001fe10       cv_script_cvId             0000000180020e10 f   sfc_debug:sfcdebug.obj
 0001:00020fd0       sfc_api_chart_visible      0000000180021fd0 f   sfc_debug:sfc_api.obj
 0001:00021060       sfc_api_active_instance    0000000180022060 f   sfc_debug:sfc_api.obj
 0001:000210f0       sfc_api_machine_load       00000001800220f0 f   sfc_debug:sfc_api.obj
 0001:000211e0       sfc_api_debugger_alive     00000001800221e0 f   sfc_debug:sfc_api.obj
 0001:000211f0       sfc_api_go                 00000001800221f0 f   sfc_debug:sfc_api.obj
 0001:00021200       sfc_api_step_over          0000000180022200 f   sfc_debug:sfc_api.obj
 0001:00021210       sfc_api_step_out           0000000180022210 f   sfc_debug:sfc_api.obj
 0001:00021220       sfc_api_resume             0000000180022220 f   sfc_debug:sfc_api.obj
 0001:00021230       sfc_api_break              0000000180022230 f   sfc_debug:sfc_api.obj
 0001:00021240       sfc_api_stop_debugging     0000000180022240 f   sfc_debug:sfc_api.obj
 0001:000212a0       sfc_api_is_cycle_detected  00000001800222a0 f   sfc_debug:sfc_api.obj
 0001:00021300       sfc_api_is_array_bounds_detected 0000000180022300 f   sfc_debug:sfc_api.obj
 0001:00021360       sfc_api_set_disable_all_breakpoints 0000000180022360 f   sfc_debug:sfc_api.obj
 0001:000213e0       sfc_api_disable_all_breakpoints_and_go 00000001800223e0 f   sfc_debug:sfc_api.obj
 0001:000213f0       sfc_api_close              00000001800223f0 f   sfc_debug:sfc_api.obj
 0001:00021400       sfc_api_browse_data        0000000180022400 f   sfc_debug:sfc_api.obj
 0001:00021480       sfc_api_watch_data         0000000180022480 f   sfc_debug:sfc_api.obj
 0001:00021590       sfc_api_extract_message_post_receive_info 0000000180022590 f   sfc_debug:sfc_api.obj
 0001:000215b0       sfc_api_assign_data        00000001800225b0 f   sfc_debug:sfc_api.obj
 0001:00021660       sfc_api_whos               0000000180022660 f   sfc_debug:sfc_api.obj
 0001:000216f0       sfc_api_get_consistency_info 00000001800226f0 f   sfc_debug:sfc_api.obj
 0001:00021700       sfc_api_browse_trace       0000000180022700 f   sfc_debug:sfc_api.obj
 0001:00021710       sfc_api_break_on_chart_entry 0000000180022710 f   sfc_debug:sfc_api.obj
 0001:00021740       sfc_api_break_on_event_broadcast 0000000180022740 f   sfc_debug:sfc_api.obj
 0001:00021770       sfc_api_break_on_state_entry 0000000180022770 f   sfc_debug:sfc_api.obj
 0001:000217a0       sfc_api_set_watch          00000001800227a0 f   sfc_debug:sfc_api.obj
 0001:00021850       sfc_api_set_breakpoints    0000000180022850 f   sfc_debug:sfc_api.obj
 0001:00021910       sfc_api_set_eml_breakpoints 0000000180022910 f   sfc_debug:sfc_api.obj
 0001:000219b0       sfc_api_set_script_breakpoints 00000001800229b0 f   sfc_debug:sfc_api.obj
 0001:00021a10       sfc_api_add_script_breakpoints 0000000180022a10 f   sfc_debug:sfc_api.obj
 0001:00021a70       sfc_api_clear_script_breakpoints 0000000180022a70 f   sfc_debug:sfc_api.obj
 0001:00021ad0       sfc_api_query_script_breakpoints 0000000180022ad0 f   sfc_debug:sfc_api.obj
 0001:00021b40       sfc_api_get_script_id      0000000180022b40 f   sfc_debug:sfc_api.obj
 0001:00021c00       sfc_api_get_active_states  0000000180022c00 f   sfc_debug:sfc_api.obj
 0001:00021c90       sfc_api_break_between_times 0000000180022c90 f   sfc_debug:sfc_api.obj
 0001:00021d00       sfc_api_get_instance_handle 0000000180022d00 f   sfc_debug:sfc_api.obj
 0001:00021dd0       sfc_api_set_animation      0000000180022dd0 f   sfc_debug:sfc_api.obj
 0001:00021e20       sfc_api_select_chart       0000000180022e20 f   sfc_debug:sfc_api.obj
 0001:00021e90       sfc_api_select_charts      0000000180022e90 f   sfc_debug:sfc_api.obj
 0001:00021ec0       sfc_api_cycle_detection_check 0000000180022ec0 f   sfc_debug:sfc_api.obj
 0001:00021f10       sfc_api_data_range_check   0000000180022f10 f   sfc_debug:sfc_api.obj
 0001:00021f60       sfc_api_transition_conflict_check 0000000180022f60 f   sfc_debug:sfc_api.obj
 0001:00021fb0       sfc_api_state_consistency_check 0000000180022fb0 f   sfc_debug:sfc_api.obj
 0001:00022000       sfc_api_set_instance_cv_ids 0000000180023000 f   sfc_debug:sfc_api.obj
 0001:00022130       sfc_api_set_script_cv_ids  0000000180023130 f   sfc_debug:sfc_api.obj
 0001:00022200       sfc_api_get_current_machine_id 0000000180023200 f   sfc_debug:sfc_api.obj
 0001:00022230       sfc_api_get_current_machine_number 0000000180023230 f   sfc_debug:sfc_api.obj
 0001:00022260       sfc_api_get_current_chart_number 0000000180023260 f   sfc_debug:sfc_api.obj
 0001:00022290       sfc_api_get_current_instance_number 0000000180023290 f   sfc_debug:sfc_api.obj
 0001:000222c0       sfc_api_get_current_instance_handle 00000001800232c0 f   sfc_debug:sfc_api.obj
 0001:000222e0       sfc_api_get_current_is_minor_time_step 00000001800232e0 f   sfc_debug:sfc_api.obj
 0001:00022310       sfc_api_get_current_machine_name 0000000180023310 f   sfc_debug:sfc_api.obj
 0001:00022330       sfc_api_get_current_chart_id 0000000180023330 f   sfc_debug:sfc_api.obj
 0001:00022360       sfc_api_get_current_object_type 0000000180023360 f   sfc_debug:sfc_api.obj
 0001:00022390       sfc_api_get_current_event_type 0000000180023390 f   sfc_debug:sfc_api.obj
 0001:000223c0       sfc_api_get_current_object_id 00000001800233c0 f   sfc_debug:sfc_api.obj
 0001:000223f0       sfc_get_current_active_event_type 00000001800233f0 f   sfc_debug:sfc_api.obj
 0001:00022420       sfc_api_get_current_active_event_id 0000000180023420 f   sfc_debug:sfc_api.obj
 0001:00022450       sfc_api_get_current_simulation_time 0000000180023450 f   sfc_debug:sfc_api.obj
 0001:00022470       sfc_get_current_tag_type   0000000180023470 f   sfc_debug:sfc_api.obj
 0001:000224a0       sfc_get_current_coverage_percentage 00000001800234a0 f   sfc_debug:sfc_api.obj
 0001:000224c0       sfc_get_current_statement_context 00000001800234c0 f   sfc_debug:sfc_api.obj
 0001:000224e0       sfc_get_current_optional_integer 00000001800234e0 f   sfc_debug:sfc_api.obj
 0001:00022510       sfc_get_current_statement_info 0000000180023510 f   sfc_debug:sfc_api.obj
 0001:000225b0       sfc_api_get                00000001800235b0 f   sfc_debug:sfc_api.obj
 0001:00023210       sf_debug_sm_fill_state_activity_data 0000000180024210 f   sfc_debug:sfdb_animation.obj
 0001:00025a50       void_ptr_stack_vector_free_total 0000000180026a50 f   sfc_debug:sfdb_data_browse.obj
 0001:00025ad0       sf_debug_st_terminate_machine 0000000180026ad0 f   sfc_debug:sfdb_data_browse.obj
 0001:00025b10       sf_debug_st_terminate_instance 0000000180026b10 f   sfc_debug:sfdb_data_browse.obj
 0001:00025ec0       push_on_to_void_ptr_stack  0000000180026ec0 f   sfc_debug:sfdb_data_browse.obj
 0001:00026050       pop_from_void_ptr_stack    0000000180027050 f   sfc_debug:sfdb_data_browse.obj
 0001:00026180       sf_debug_st_get_data_value 0000000180027180 f   sfc_debug:sfdb_data_browse.obj
 0001:000266b0       mx_value                   00000001800276b0 f   sfc_debug:sfdb_data_browse.obj
 0001:000266f0       sf_debug_st_fill_data_struct 00000001800276f0 f   sfc_debug:sfdb_data_browse.obj
 0001:00026a30       data_type_format_strings   0000000180027a30 f   sfc_debug:sfdb_data_browse.obj
 0001:00026ae0       sf_debug_st_fill_data      0000000180027ae0 f   sfc_debug:sfdb_data_browse.obj
 0001:000277d0       sf_debug_hm_get_simulink_handle 00000001800287d0 f   sfc_debug:sfdb_handle_management.obj
 0001:00028280       sf_debug_hm_initialize_globals 0000000180029280 f   sfc_debug:sfdb_handle_management.obj
 0001:00028380       sf_debug_hm_get_machine_debug_flag 0000000180029380 f   sfc_debug:sfdb_handle_management.obj
 0001:000284f0       sf_debug_hm_get_machine_id 00000001800294f0 f   sfc_debug:sfdb_handle_management.obj
 0001:00028610       sf_debug_hm_get_chart_id   0000000180029610 f   sfc_debug:sfdb_handle_management.obj
 0001:000287b0       sf_debug_hm_register_executing_SFunction 00000001800297b0 f   sfc_debug:sfdb_handle_management.obj
 0001:00028b40       sf_debug_hm_form_object_boolean_properties 0000000180029b40 f   sfc_debug:sfdb_handle_management.obj
 0001:00028e10       sf_debug_hm_form_object_properties 0000000180029e10 f   sfc_debug:sfdb_handle_management.obj
 0001:00029050       sf_debug_hm_terminate_charts 000000018002a050 f   sfc_debug:sfdb_handle_management.obj
 0001:00029730       sf_debug_hm_terminate_machines 000000018002a730 f   sfc_debug:sfdb_handle_management.obj
 0001:0002b1a0       sf_debug_ss_copy_dimension 000000018002c1a0 f   sfc_debug:sfdb_symbol_scope.obj
 0001:0002b260       sf_debug_ss_get_number_elements 000000018002c260 f   sfc_debug:sfdb_symbol_scope.obj
 0001:0002b280       sf_debug_ss_fill_data_struct 000000018002c280 f   sfc_debug:sfdb_symbol_scope.obj
 0001:0002b5d0       sf_debug_ss_reset_data_info 000000018002c5d0 f   sfc_debug:sfdb_symbol_scope.obj
 0001:0002b630       sf_debug_fill_data_info_by_symbol_scope_entry 000000018002c630 f   sfc_debug:sfdb_symbol_scope.obj
 0001:0002b6f0       sf_debug_fill_data_info_by_data_vector 000000018002c6f0 f   sfc_debug:sfdb_symbol_scope.obj
 0001:0002b940       get_data_info_helper       000000018002c940 f   sfc_debug:sfdb_symbol_scope.obj
 0001:0002bc30       sf_debug_ss_get_data_info  000000018002cc30 f   sfc_debug:sfdb_symbol_scope.obj
 0001:0002be50       sf_debug_select_mex_function 000000018002ce50 f   sfc_debug:sfdb_symbol_scope.obj
 0001:0002be80       sf_debug_is_dyn_matrix_initialized 000000018002ce80 f   sfc_debug:sfdb_symbol_scope.obj
 0001:0002bea0       sf_debug_ss_set_data_value_try 000000018002cea0 f   sfc_debug:sfdb_symbol_scope.obj
 0001:0002c090       sf_debug_ss_get_data_value 000000018002d090 f   sfc_debug:sfdb_symbol_scope.obj
 0001:0002c7f0       sf_debug_ss_data_bytes_string 000000018002d7f0 f   sfc_debug:sfdb_symbol_scope.obj
 0001:0002c880       sf_debug_ss_data_class_string 000000018002d880 f   sfc_debug:sfdb_symbol_scope.obj
 0001:0002cc00       sf_debug_ss_data_size_string 000000018002dc00 f   sfc_debug:sfdb_symbol_scope.obj
 0001:0002cce0       sf_debug_ss_data_create_data_info_struct 000000018002dce0 f   sfc_debug:sfdb_symbol_scope.obj
 0001:0002cf90       sf_debug_ss_data_create_name_value_pair 000000018002df90 f   sfc_debug:sfdb_symbol_scope.obj
 0001:0002d030       sf_debug_ss_data_get_whos_info 000000018002e030 f   sfc_debug:sfdb_symbol_scope.obj
 0001:0002d040       same_named_data_in_data_array 000000018002e040 f   sfc_debug:sfdb_symbol_scope.obj
 0001:0002e7d0       sf_debug_cc_terminate_chart 000000018002f7d0 f   sfc_debug:sfdb_coverage.obj
 0001:0002eae0       sf_debug_cc_terminate_instance 000000018002fae0 f   sfc_debug:sfdb_coverage.obj
 0001:0002f6b0       sf_debug_cc_mark_object_if_needed 00000001800306b0 f   sfc_debug:sfdb_coverage.obj
 0001:0002ff30       sf_debug_bm_initialize_eml 0000000180030f30 f   sfc_debug:sfdb_breakpoints.obj
 0001:00030ff0       sf_debug_bm_map_debug_tag_to_breakpoint_tag 0000000180031ff0 f   sfc_debug:sfdb_breakpoints.obj
 0001:000310d0       sf_debug_bm_is_a_eml_breakpoint_impl 00000001800320d0 f   sfc_debug:sfdb_breakpoints.obj
 0001:00032a00       sf_debug_sc_push_on_error_stack 0000000180033a00 f   sfc_debug:sfdb_state_consistency.obj
 0001:00032b20       sf_debug_sc_reset_error_stack 0000000180033b20 f   sfc_debug:sfdb_state_consistency.obj
 0001:00032cb0       sf_debug_sc_is_state_inconsistent 0000000180033cb0 f   sfc_debug:sfdb_state_consistency.obj
 0001:00032fa0       sf_debug_sc_fill_consistency_info 0000000180033fa0 f   sfc_debug:sfdb_state_consistency.obj
 0001:00033540       void_assertion_fcn         0000000180034540 f   sfc_debug:sfdb_call_stack.obj
 0001:00033a90       sf_debug_tm_fill_local_trace 0000000180034a90 f   sfc_debug:sfdb_call_stack.obj
 0001:00034030       sf_debug_cd_terminate_instance 0000000180035030 f   sfc_debug:sfdb_cycle_detection.obj
 0001:00034090       sf_debug_cd_free_checksum_stack 0000000180035090 f   sfc_debug:sfdb_cycle_detection.obj
 0001:000340e0       sf_debug_cd_reset_pack_strings 00000001800350e0 f   sfc_debug:sfdb_cycle_detection.obj
 0001:00034780       md5file_clear              0000000180035780 f   sfc_debug:ckmd5.obj
 0001:000347b0       Encode                     00000001800357b0 f   sfc_debug:ckmd5.obj
 0001:00034800       Decode                     0000000180035800 f   sfc_debug:ckmd5.obj
 0001:000348a0       MD5Transform               00000001800358a0 f   sfc_debug:ckmd5.obj
 0001:00035100       md5file_addn               0000000180036100 f   sfc_debug:ckmd5.obj
 0001:000351d0       md5file_hash               00000001800361d0 f   sfc_debug:ckmd5.obj
 0001:000356c8       pre_c_init                 00000001800366c8 f   MSVCRT:crtdll.obj
 0001:00035984       __DllMainCRTStartup        0000000180036984 f   MSVCRT:crtdll.obj
 0001:00036080       __DllMainCRTStartup$filt$0 0000000180037080 f   MSVCRT:crtdll.obj
 0001:000360b0       __DllMainCRTStartup$fin$1  00000001800370b0 f   MSVCRT:crtdll.obj
 0001:000360ca       _onexit$fin$0              00000001800370ca f   MSVCRT:atonexit.obj
 0001:000360f0       _IsNonwritableInCurrentImage$filt$0 00000001800370f0 f   MSVCRT:pesect.obj
